Component: ARM Compiler 6.16 Tool: armlink [5dfeaa00]

==============================================================================

Section Cross References

    lcd.o(.ARM.exidx.text.LCD_dataPortInit) refers to lcd.o(.text.LCD_dataPortInit) for [Anonymous Symbol]
    lcd.o(.ARM.exidx.text.LCD_ctrlPortInit) refers to lcd.o(.text.LCD_ctrlPortInit) for [Anonymous Symbol]
    lcd.o(.text.LCD_init) refers to lcd.o(.text.LCD_dataPortInit) for LCD_dataPortInit
    lcd.o(.text.LCD_init) refers to lcd.o(.text.LCD_ctrlPortInit) for LCD_ctrlPortInit
    lcd.o(.text.LCD_init) refers to lcd.o(.text.LCD_instruction) for LCD_instruction
    lcd.o(.ARM.exidx.text.LCD_init) refers to lcd.o(.text.LCD_init) for [Anonymous Symbol]
    lcd.o(.text.LCD_instruction) refers to tasks.o(.text.vTaskDelay) for vTaskDelay
    lcd.o(.ARM.exidx.text.LCD_instruction) refers to lcd.o(.text.LCD_instruction) for [Anonymous Symbol]
    lcd.o(.text.LCD_secondLine) refers to lcd.o(.text.LCD_instruction) for LCD_instruction
    lcd.o(.ARM.exidx.text.LCD_secondLine) refers to lcd.o(.text.LCD_secondLine) for [Anonymous Symbol]
    lcd.o(.text.LCD_clearScreen) refers to lcd.o(.text.LCD_instruction) for LCD_instruction
    lcd.o(.ARM.exidx.text.LCD_clearScreen) refers to lcd.o(.text.LCD_clearScreen) for [Anonymous Symbol]
    lcd.o(.text.LCD_writeChar) refers to tasks.o(.text.vTaskDelay) for vTaskDelay
    lcd.o(.ARM.exidx.text.LCD_writeChar) refers to lcd.o(.text.LCD_writeChar) for [Anonymous Symbol]
    lcd.o(.text.LCD_writeWord) refers to lcd.o(.text.LCD_writeChar) for LCD_writeChar
    lcd.o(.ARM.exidx.text.LCD_writeWord) refers to lcd.o(.text.LCD_writeWord) for [Anonymous Symbol]
    main.o(.text) refers (Special) to _printf_d.o(.ARM.Collect$$_printf_percent$$00000009) for _printf_d
    main.o(.text) refers (Special) to _printf_dec.o(.text) for _printf_int_dec
    main.o(.text) refers (Special) to _printf_percent.o(.ARM.Collect$$_printf_percent$$00000000) for _printf_percent
    main.o(.text) refers (Special) to _printf_pad.o(.text) for _printf_pre_padding
    main.o(.text) refers (Special) to _printf_s.o(.ARM.Collect$$_printf_percent$$00000014) for _printf_s
    main.o(.text) refers (Special) to _printf_str.o(.text) for _printf_str
    main.o(.text.main) refers (Special) to _printf_d.o(.ARM.Collect$$_printf_percent$$00000009) for _printf_d
    main.o(.text.main) refers (Special) to _printf_dec.o(.text) for _printf_int_dec
    main.o(.text.main) refers (Special) to _printf_percent.o(.ARM.Collect$$_printf_percent$$00000000) for _printf_percent
    main.o(.text.main) refers (Special) to _printf_pad.o(.text) for _printf_pre_padding
    main.o(.text.main) refers (Special) to _printf_s.o(.ARM.Collect$$_printf_percent$$00000014) for _printf_s
    main.o(.text.main) refers (Special) to _printf_str.o(.text) for _printf_str
    main.o(.text.main) refers to queue.o(.text.xQueueGenericCreate) for xQueueGenericCreate
    main.o(.text.main) refers to main.o(.bss.xQueue1) for xQueue1
    main.o(.text.main) refers to main.o(.bss.xQueue2) for xQueue2
    main.o(.text.main) refers to main.o(.bss.uart_semaphore) for uart_semaphore
    main.o(.text.main) refers to queue.o(.text.xQueueGenericSend) for xQueueGenericSend
    main.o(.text.main) refers to main.o(.text.initTask) for initTask
    main.o(.text.main) refers to tasks.o(.text.xTaskCreate) for xTaskCreate
    main.o(.text.main) refers to main.o(.text.timeTask) for timeTask
    main.o(.text.main) refers to main.o(.text.lcdTask) for lcdTask
    main.o(.text.main) refers to main.o(.text.uartTask) for uartTask
    main.o(.text.main) refers to tasks.o(.text.vTaskStartScheduler) for vTaskStartScheduler
    main.o(.ARM.exidx.text.main) refers (Special) to _printf_d.o(.ARM.Collect$$_printf_percent$$00000009) for _printf_d
    main.o(.ARM.exidx.text.main) refers (Special) to _printf_dec.o(.text) for _printf_int_dec
    main.o(.ARM.exidx.text.main) refers (Special) to _printf_percent.o(.ARM.Collect$$_printf_percent$$00000000) for _printf_percent
    main.o(.ARM.exidx.text.main) refers (Special) to _printf_pad.o(.text) for _printf_pre_padding
    main.o(.ARM.exidx.text.main) refers (Special) to _printf_s.o(.ARM.Collect$$_printf_percent$$00000014) for _printf_s
    main.o(.ARM.exidx.text.main) refers (Special) to _printf_str.o(.text) for _printf_str
    main.o(.ARM.exidx.text.main) refers to main.o(.text.main) for [Anonymous Symbol]
    main.o(.text.initTask) refers (Special) to _printf_d.o(.ARM.Collect$$_printf_percent$$00000009) for _printf_d
    main.o(.text.initTask) refers (Special) to _printf_dec.o(.text) for _printf_int_dec
    main.o(.text.initTask) refers (Special) to _printf_percent.o(.ARM.Collect$$_printf_percent$$00000000) for _printf_percent
    main.o(.text.initTask) refers (Special) to _printf_pad.o(.text) for _printf_pre_padding
    main.o(.text.initTask) refers (Special) to _printf_s.o(.ARM.Collect$$_printf_percent$$00000014) for _printf_s
[...]
    [Anonymous Symbol]                       0x00000e14   Section        0  main.o(.text.lcdTask)
    timediff                                 0x00000ea0   Number         0  main.o(.text.lcdTask)
    [Anonymous Symbol]                       0x00000ebc   Section        0  main.o(.text.main)
    os_kernel_is_active                      0x00000fb5   Thumb Code    36  clib_arm.o(.text.os_kernel_is_active)
    [Anonymous Symbol]                       0x00000fb4   Section        0  clib_arm.o(.text.os_kernel_is_active)
    prvAddCurrentTaskToDelayedList           0x00000fd9   Thumb Code   128  tasks.o(.text.prvAddCurrentTaskToDelayedList)
    [Anonymous Symbol]                       0x00000fd8   Section        0  tasks.o(.text.prvAddCurrentTaskToDelayedList)
    prvAddNewTaskToReadyList                 0x00001059   Thumb Code   172  tasks.o(.text.prvAddNewTaskToReadyList)
    [Anonymous Symbol]                       0x00001058   Section        0  tasks.o(.text.prvAddNewTaskToReadyList)
    prvCheckForValidListAndQueue             0x00001105   Thumb Code   106  timers.o(.text.prvCheckForValidListAndQueue)
    [Anonymous Symbol]                       0x00001104   Section        0  timers.o(.text.prvCheckForValidListAndQueue)
    prvCheckTasksWaitingTermination          0x00001171   Thumb Code    78  tasks.o(.text.prvCheckTasksWaitingTermination)
    [Anonymous Symbol]                       0x00001170   Section        0  tasks.o(.text.prvCheckTasksWaitingTermination)
    prvCopyDataFromQueue                     0x000011c1   Thumb Code    38  queue.o(.text.prvCopyDataFromQueue)
    [Anonymous Symbol]                       0x000011c0   Section        0  queue.o(.text.prvCopyDataFromQueue)
    prvCopyDataToQueue                       0x000011e9   Thumb Code   122  queue.o(.text.prvCopyDataToQueue)
    [Anonymous Symbol]                       0x000011e8   Section        0  queue.o(.text.prvCopyDataToQueue)
    prvDeleteTCB                             0x00001265   Thumb Code    32  tasks.o(.text.prvDeleteTCB)
    [Anonymous Symbol]                       0x00001264   Section        0  tasks.o(.text.prvDeleteTCB)
    prvGetDisinheritPriorityAfterTimeout     0x00001285   Thumb Code    18  queue.o(.text.prvGetDisinheritPriorityAfterTimeout)
    [Anonymous Symbol]                       0x00001284   Section        0  queue.o(.text.prvGetDisinheritPriorityAfterTimeout)
    prvGetNextExpireTime                     0x00001299   Thumb Code    32  timers.o(.text.prvGetNextExpireTime)
    [Anonymous Symbol]                       0x00001298   Section        0  timers.o(.text.prvGetNextExpireTime)
    prvIdleTask                              0x000012b9   Thumb Code    42  tasks.o(.text.prvIdleTask)
    [Anonymous Symbol]                       0x000012b8   Section        0  tasks.o(.text.prvIdleTask)
    prvInitialiseMutex                       0x000012e5   Thumb Code    32  queue.o(.text.prvInitialiseMutex)
    [Anonymous Symbol]                       0x000012e4   Section        0  queue.o(.text.prvInitialiseMutex)
    prvInitialiseNewQueue                    0x00001305   Thumb Code    32  queue.o(.text.prvInitialiseNewQueue)
    [Anonymous Symbol]                       0x00001304   Section        0  queue.o(.text.prvInitialiseNewQueue)
    prvInitialiseNewTask                     0x00001325   Thumb Code   152  tasks.o(.text.prvInitialiseNewTask)
    [Anonymous Symbol]                       0x00001324   Section        0  tasks.o(.text.prvInitialiseNewTask)
    prvInitialiseTaskLists                   0x000013bd   Thumb Code   112  tasks.o(.text.prvInitialiseTaskLists)
    [Anonymous Symbol]                       0x000013bc   Section        0  tasks.o(.text.prvInitialiseTaskLists)
    prvInsertTimerInActiveList               0x0000142d   Thumb Code    64  timers.o(.text.prvInsertTimerInActiveList)
    [Anonymous Symbol]                       0x0000142c   Section        0  timers.o(.text.prvInsertTimerInActiveList)
    prvIsQueueEmpty                          0x0000146d   Thumb Code    24  queue.o(.text.prvIsQueueEmpty)
    [Anonymous Symbol]                       0x0000146c   Section        0  queue.o(.text.prvIsQueueEmpty)
    prvIsQueueFull                           0x00001485   Thumb Code    28  queue.o(.text.prvIsQueueFull)
    [Anonymous Symbol]                       0x00001484   Section        0  queue.o(.text.prvIsQueueFull)
    prvPortStartFirstTask                    0x000014a1   Thumb Code    34  port.o(.text.prvPortStartFirstTask)
    [Anonymous Symbol]                       0x000014a0   Section        0  port.o(.text.prvPortStartFirstTask)
    prvProcessExpiredTimer                   0x000014c9   Thumb Code    88  timers.o(.text.prvProcessExpiredTimer)
    [Anonymous Symbol]                       0x000014c8   Section        0  timers.o(.text.prvProcessExpiredTimer)
    prvProcessReceivedCommands               0x00001521   Thumb Code   244  timers.o(.text.prvProcessReceivedCommands)
    [Anonymous Symbol]                       0x00001520   Section        0  timers.o(.text.prvProcessReceivedCommands)
    prvProcessTimerOrBlockTask               0x00001615   Thumb Code   128  timers.o(.text.prvProcessTimerOrBlockTask)
    [Anonymous Symbol]                       0x00001614   Section        0  timers.o(.text.prvProcessTimerOrBlockTask)
    prvResetNextTaskUnblockTime              0x00001695   Thumb Code    40  tasks.o(.text.prvResetNextTaskUnblockTime)
    [Anonymous Symbol]                       0x00001694   Section        0  tasks.o(.text.prvResetNextTaskUnblockTime)
    prvSampleTimeNow                         0x000016bd   Thumb Code    42  timers.o(.text.prvSampleTimeNow)
    [Anonymous Symbol]                       0x000016bc   Section        0  timers.o(.text.prvSampleTimeNow)
    prvSwitchTimerLists                      0x000016e9   Thumb Code   120  timers.o(.text.prvSwitchTimerLists)
    [Anonymous Symbol]                       0x000016e8   Section        0  timers.o(.text.prvSwitchTimerLists)
    prvTaskExitError                         0x00001761   Thumb Code    34  port.o(.text.prvTaskExitError)
    [Anonymous Symbol]                       0x00001760   Section        0  port.o(.text.prvTaskExitError)
    prvTimerTask                             0x00001785   Thumb Code    22  timers.o(.text.prvTimerTask)
    [Anonymous Symbol]                       0x00001784   Section        0  timers.o(.text.prvTimerTask)
    prvUnlockQueue                           0x0000179d   Thumb Code   114  queue.o(.text.prvUnlockQueue)
    [Anonymous Symbol]                       0x0000179c   Section        0  queue.o(.text.prvUnlockQueue)
    [Anonymous Symbol]                       0x00001810   Section        0  heap_1.o(.text.pvPortMalloc)
    [Anonymous Symbol]                       0x0000186c   Section        0  tasks.o(.text.pvTaskIncrementMutexHeldCount)
    [Anonymous Symbol]                       0x00001884   Section        0  port.o(.text.pxPortInitialiseStack)
    [Anonymous Symbol]                       0x000018ac   Section        0  main.o(.text.readTime)
    timeTask                                 0x000018d5   Thumb Code   116  main.o(.text.timeTask)
    [Anonymous Symbol]                       0x000018d4   Section        0  main.o(.text.timeTask)
    uartTask                                 0x00001949   Thumb Code   264  main.o(.text.uartTask)
    [Anonymous Symbol]                       0x00001948   Section        0  main.o(.text.uartTask)
    [Anonymous Symbol]                       0x00001adc   Section        0  list.o(.text.uxListRemove)
    [Anonymous Symbol]                       0x00001b00   Section        0  cmsis_os2.o(.text.vApplicationGetIdleTaskMemory)
    [Anonymous Symbol]                       0x00001b1c   Section        0  cmsis_os2.o(.text.vApplicationGetTimerTaskMemory)
    [Anonymous Symbol]                       0x00001b38   Section        0  cmsis_os2.o(.text.vApplicationStackOverflowHook)
    [Anonymous Symbol]                       0x00001b3c   Section        0  list.o(.text.vListInitialise)
    [Anonymous Symbol]                       0x00001b54   Section        0  list.o(.text.vListInitialiseItem)
    [Anonymous Symbol]                       0x00001b5c   Section        0  list.o(.text.vListInsert)
    [Anonymous Symbol]                       0x00001b98   Section        0  list.o(.text.vListInsertEnd)
    vPortEnableVFP                           0x00001bb5   Thumb Code    14  port.o(.text.vPortEnableVFP)
    [Anonymous Symbol]                       0x00001bb4   Section        0  port.o(.text.vPortEnableVFP)
    [Anonymous Symbol]                       0x00001bc8   Section        0  port.o(.text.vPortEnterCritical)
    [Anonymous Symbol]                       0x00001be8   Section        0  port.o(.text.vPortExitCritical)
    [Anonymous Symbol]                       0x00001c04   Section        0  heap_1.o(.text.vPortFree)
    [Anonymous Symbol]                       0x00001c08   Section        0  port.o(.text.vPortSetupTimerInterrupt)
    [Anonymous Symbol]                       0x00001c3c   Section        0  queue.o(.text.vQueueDelete)
    [Anonymous Symbol]                       0x00001c4c   Section        0  queue.o(.text.vQueueWaitForMessageRestricted)
    [Anonymous Symbol]                       0x00001c90   Section        0  tasks.o(.text.vTaskDelay)
    [Anonymous Symbol]                       0x00001cc4   Section        0  tasks.o(.text.vTaskInternalSetTimeOutState)
    [Anonymous Symbol]                       0x00001ce0   Section        0  tasks.o(.text.vTaskMissedYield)
    [Anonymous Symbol]                       0x00001cf0   Section        0  tasks.o(.text.vTaskPlaceOnEventList)
    [Anonymous Symbol]                       0x00001d10   Section        0  tasks.o(.text.vTaskPlaceOnEventListRestricted)
    [Anonymous Symbol]                       0x00001d38   Section        0  tasks.o(.text.vTaskPriorityDisinheritAfterTimeout)
    [Anonymous Symbol]                       0x00001da4   Section        0  tasks.o(.text.vTaskStartScheduler)
    [Anonymous Symbol]                       0x00001e30   Section        0  tasks.o(.text.vTaskSuspend)
    [Anonymous Symbol]                       0x00001ee0   Section        0  tasks.o(.text.vTaskSuspendAll)
    [Anonymous Symbol]                       0x00001ef0   Section        0  tasks.o(.text.vTaskSwitchContext)
    [Anonymous Symbol]                       0x00001f94   Section        0  port.o(.text.xPortStartScheduler)
    [Anonymous Symbol]                       0x00001fe0   Section        0  port.o(.text.xPortSysTickHandler)
    [Anonymous Symbol]                       0x00002010   Section        0  queue.o(.text.xQueueCreateMutex)
    [Anonymous Symbol]                       0x00002028   Section        0  queue.o(.text.xQueueCreateMutexStatic)
    [Anonymous Symbol]                       0x0000204c   Section        0  queue.o(.text.xQueueGenericCreate)
    [Anonymous Symbol]                       0x00002080   Section        0  queue.o(.text.xQueueGenericCreateStatic)
    [Anonymous Symbol]                       0x0000209c   Section        0  queue.o(.text.xQueueGenericReset)
    [Anonymous Symbol]                       0x00002108   Section        0  queue.o(.text.xQueueGenericSend)
    [Anonymous Symbol]                       0x00002240   Section        0  queue.o(.text.xQueueGenericSendFromISR)
    [Anonymous Symbol]                       0x000022b0   Section        0  queue.o(.text.xQueueGiveFromISR)
    [Anonymous Symbol]                       0x00002320   Section        0  queue.o(.text.xQueueReceive)
    [Anonymous Symbol]                       0x0000244c   Section        0  queue.o(.text.xQueueSemaphoreTake)
    [Anonymous Symbol]                       0x000025b0   Section        0  tasks.o(.text.xTaskCheckForTimeOut)
    [Anonymous Symbol]                       0x0000260c   Section        0  tasks.o(.text.xTaskCreate)
    [Anonymous Symbol]                       0x00002674   Section        0  tasks.o(.text.xTaskCreateStatic)
    [Anonymous Symbol]                       0x000026b4   Section        0  tasks.o(.text.xTaskGetSchedulerState)
    [Anonymous Symbol]                       0x000026dc   Section        0  tasks.o(.text.xTaskGetTickCount)
    [Anonymous Symbol]                       0x000026e8   Section        0  tasks.o(.text.xTaskIncrementTick)
    [Anonymous Symbol]                       0x00002824   Section        0  tasks.o(.text.xTaskPriorityDisinherit)
    [Anonymous Symbol]                       0x00002880   Section        0  tasks.o(.text.xTaskPriorityInherit)
    [Anonymous Symbol]                       0x00002914   Section        0  tasks.o(.text.xTaskRemoveFromEventList)
    [Anonymous Symbol]                       0x00002990   Section        0  tasks.o(.text.xTaskResumeAll)
    [Anonymous Symbol]                       0x00002a8c   Section        0  timers.o(.text.xTimerCreateTimerTask)
    [Anonymous Symbol]                       0x00002af4   Section        0  timers.o(.text.xTimerGenericCommand)
    i._is_digit                              0x00002b4a   Section        0  __printf_wp.o(i._is_digit)
    $v0                                      0x00002b58   Number         0  fpinit.o(x$fpl$fpinit)
    x$fpl$fpinit                             0x00002b58   Section       26  fpinit.o(x$fpl$fpinit)
    maptable                                 0x00002b72   Data          17  __printf_flags_wp.o(.constdata)
    .constdata                               0x00002b72   Section       17  __printf_flags_wp.o(.constdata)
    cities                                   0x00002b84   Data          40  main.o(.rodata.cities)
    [Anonymous Symbol]                       0x00002b84   Section        0  main.o(.rodata.cities)
    .L.str.18                                0x00002bac   Data          27  main.o(.rodata.str1.1)
    [Anonymous Symbol]                       0x00002bac   Section        0  main.o(.rodata.str1.1)
    .L.str.22                                0x00002bc7   Data          36  main.o(.rodata.str1.1)
    .L.str.21                                0x00002beb   Data          14  main.o(.rodata.str1.1)
    uxCriticalNesting                        0x20000004   Data           4  port.o(.data.uxCriticalNesting)
    [Anonymous Symbol]                       0x20000004   Section        0  port.o(.data.uxCriticalNesting)
    .bss                                     0x20000008   Section       96  libspace.o(.bss)
    clib_mutex_cb                            0x20000068   Data         400  clib_arm.o(.bss.clib_mutex_cb)
    [Anonymous Symbol]                       0x20000068   Section        0  clib_arm.o(.bss.clib_mutex_cb)
    clib_mutex_id                            0x200001f8   Data          20  clib_arm.o(.bss.clib_mutex_id)
    [Anonymous Symbol]                       0x200001f8   Section        0  clib_arm.o(.bss.clib_mutex_id)
    os_kernel_is_active.os_kernel_active     0x2000020c   Data           1  clib_arm.o(.bss.os_kernel_is_active.os_kernel_active)
    [Anonymous Symbol]                       0x2000020c   Section        0  clib_arm.o(.bss.os_kernel_is_active.os_kernel_active)
    prvCheckForValidListAndQueue.ucStaticTimerQueueStorage 0x2000020d   Data          80  timers.o(.bss.prvCheckForValidListAndQueue.ucStaticTimerQueueStorage)
    [Anonymous Symbol]                       0x2000020d   Section        0  timers.o(.bss.prvCheckForValidListAndQueue.ucStaticTimerQueueStorage)
    prvCheckForValidListAndQueue.xStaticTimerQueue 0x20000260   Data          80  timers.o(.bss.prvCheckForValidListAndQueue.xStaticTimerQueue)
    [Anonymous Symbol]                       0x20000260   Section        0  timers.o(.bss.prvCheckForValidListAndQueue.xStaticTimerQueue)
    prvSampleTimeNow.xLastTime               0x200002b0   Data           4  timers.o(.bss.prvSampleTimeNow.xLastTime)
    [Anonymous Symbol]                       0x200002b0   Section        0  timers.o(.bss.prvSampleTimeNow.xLastTime)
    pvPortMalloc.pucAlignedHeap              0x200002b4   Data           4  heap_1.o(.bss.pvPortMalloc.pucAlignedHeap)
    [Anonymous Symbol]                       0x200002b4   Section        0  heap_1.o(.bss.pvPortMalloc.pucAlignedHeap)
    pxCurrentTimerList                       0x200002bc   Data           4  timers.o(.bss.pxCurrentTimerList)
    [Anonymous Symbol]                       0x200002bc   Section        0  timers.o(.bss.pxCurrentTimerList)
    pxDelayedTaskList                        0x200002c0   Data           4  tasks.o(.bss.pxDelayedTaskList)
    [Anonymous Symbol]                       0x200002c0   Section        0  tasks.o(.bss.pxDelayedTaskList)
    pxOverflowDelayedTaskList                0x200002c4   Data           4  tasks.o(.bss.pxOverflowDelayedTaskList)
    [Anonymous Symbol]                       0x200002c4   Section        0  tasks.o(.bss.pxOverflowDelayedTaskList)
    pxOverflowTimerList                      0x200002c8   Data           4  timers.o(.bss.pxOverflowTimerList)
    [Anonymous Symbol]                       0x200002c8   Section        0  timers.o(.bss.pxOverflowTimerList)
    pxReadyTasksLists                        0x200002cc   Data        1120  tasks.o(.bss.pxReadyTasksLists)
    [Anonymous Symbol]                       0x200002cc   Section        0  tasks.o(.bss.pxReadyTasksLists)
    selection                                0x2000072c   Data           4  main.o(.bss.selection)
    [Anonymous Symbol]                       0x2000072c   Section        0  main.o(.bss.selection)
    uart_semaphore                           0x20000730   Data           4  main.o(.bss.uart_semaphore)
    [Anonymous Symbol]                       0x20000730   Section        0  main.o(.bss.uart_semaphore)
    ucHeap                                   0x20000734   Data        8192  heap_1.o(.bss.ucHeap)
    [Anonymous Symbol]                       0x20000734   Section        0  heap_1.o(.bss.ucHeap)
    uxCurrentNumberOfTasks                   0x20002734   Data           4  tasks.o(.bss.uxCurrentNumberOfTasks)
    [Anonymous Symbol]                       0x20002734   Section        0  tasks.o(.bss.uxCurrentNumberOfTasks)
    uxDeletedTasksWaitingCleanUp             0x20002738   Data           4  tasks.o(.bss.uxDeletedTasksWaitingCleanUp)
    [Anonymous Symbol]                       0x20002738   Section        0  tasks.o(.bss.uxDeletedTasksWaitingCleanUp)
    uxSchedulerSuspended                     0x2000273c   Data           4  tasks.o(.bss.uxSchedulerSuspended)
    [Anonymous Symbol]                       0x2000273c   Section        0  tasks.o(.bss.uxSchedulerSuspended)
    uxTaskNumber                             0x20002740   Data           4  tasks.o(.bss.uxTaskNumber)
    [Anonymous Symbol]                       0x20002740   Section        0  tasks.o(.bss.uxTaskNumber)
    uxTopReadyPriority                       0x20002744   Data           4  tasks.o(.bss.uxTopReadyPriority)
    [Anonymous Symbol]                       0x20002744   Section        0  tasks.o(.bss.uxTopReadyPriority)
    vApplicationGetIdleTaskMemory.Idle_Stack 0x20002748   Data         512  cmsis_os2.o(.bss.vApplicationGetIdleTaskMemory.Idle_Stack)
    [Anonymous Symbol]                       0x20002748   Section        0  cmsis_os2.o(.bss.vApplicationGetIdleTaskMemory.Idle_Stack)
    vApplicationGetIdleTaskMemory.Idle_TCB   0x20002948   Data          92  cmsis_os2.o(.bss.vApplicationGetIdleTaskMemory.Idle_TCB)
    [Anonymous Symbol]                       0x20002948   Section        0  cmsis_os2.o(.bss.vApplicationGetIdleTaskMemory.Idle_TCB)
    vApplicationGetTimerTaskMemory.Timer_Stack 0x200029a4   Data         320  cmsis_os2.o(.bss.vApplicationGetTimerTaskMemory.Timer_Stack)
    [Anonymous Symbol]                       0x200029a4   Section        0  cmsis_os2.o(.bss.vApplicationGetTimerTaskMemory.Timer_Stack)
    vApplicationGetTimerTaskMemory.Timer_TCB 0x20002ae4   Data          92  cmsis_os2.o(.bss.vApplicationGetTimerTaskMemory.Timer_TCB)
    [Anonymous Symbol]                       0x20002ae4   Section        0  cmsis_os2.o(.bss.vApplicationGetTimerTaskMemory.Timer_TCB)
    xActiveTimerList1                        0x20002b40   Data          20  timers.o(.bss.xActiveTimerList1)
    [Anonymous Symbol]                       0x20002b40   Section        0  timers.o(.bss.xActiveTimerList1)
    xActiveTimerList2                        0x20002b54   Data          20  timers.o(.bss.xActiveTimerList2)
    [Anonymous Symbol]                       0x20002b54   Section        0  timers.o(.bss.xActiveTimerList2)
    xDelayedTaskList1                        0x20002b68   Data          20  tasks.o(.bss.xDelayedTaskList1)
    [Anonymous Symbol]                       0x20002b68   Section        0  tasks.o(.bss.xDelayedTaskList1)
    xDelayedTaskList2                        0x20002b7c   Data          20  tasks.o(.bss.xDelayedTaskList2)
    [Anonymous Symbol]                       0x20002b7c   Section        0  tasks.o(.bss.xDelayedTaskList2)
    xIdleTaskHandle                          0x20002b90   Data           4  tasks.o(.bss.xIdleTaskHandle)
    [Anonymous Symbol]                       0x20002b90   Section        0  tasks.o(.bss.xIdleTaskHandle)
    xNextFreeByte                            0x20002b94   Data           4  heap_1.o(.bss.xNextFreeByte)
    [Anonymous Symbol]                       0x20002b94   Section        0  heap_1.o(.bss.xNextFreeByte)
    xNextTaskUnblockTime                     0x20002b98   Data           4  tasks.o(.bss.xNextTaskUnblockTime)
    [Anonymous Symbol]                       0x20002b98   Section        0  tasks.o(.bss.xNextTaskUnblockTime)
    xNumOfOverflows                          0x20002b9c   Data           4  tasks.o(.bss.xNumOfOverflows)
    [Anonymous Symbol]                       0x20002b9c   Section        0  tasks.o(.bss.xNumOfOverflows)
    xPendedTicks                             0x20002ba0   Data           4  tasks.o(.bss.xPendedTicks)
    [Anonymous Symbol]                       0x20002ba0   Section        0  tasks.o(.bss.xPendedTicks)
    xPendingReadyList                        0x20002ba4   Data          20  tasks.o(.bss.xPendingReadyList)
    [Anonymous Symbol]                       0x20002ba4   Section        0  tasks.o(.bss.xPendingReadyList)
    xQueue1                                  0x20002bb8   Data           4  main.o(.bss.xQueue1)
    [Anonymous Symbol]                       0x20002bb8   Section        0  main.o(.bss.xQueue1)
    xQueue2                                  0x20002bbc   Data           4  main.o(.bss.xQueue2)
    [Anonymous Symbol]                       0x20002bbc   Section        0  main.o(.bss.xQueue2)
    xSchedulerRunning                        0x20002bc0   Data           4  tasks.o(.bss.xSchedulerRunning)
    [Anonymous Symbol]                       0x20002bc0   Section        0  tasks.o(.bss.xSchedulerRunning)
    xSuspendedTaskList                       0x20002bc4   Data          20  tasks.o(.bss.xSuspendedTaskList)
    [Anonymous Symbol]                       0x20002bc4   Section        0  tasks.o(.bss.xSuspendedTaskList)
    xTasksWaitingTermination                 0x20002bd8   Data          20  tasks.o(.bss.xTasksWaitingTermination)
    [Anonymous Symbol]                       0x20002bd8   Section        0  tasks.o(.bss.xTasksWaitingTermination)
    xTickCount                               0x20002bec   Data           4  tasks.o(.bss.xTickCount)
    [Anonymous Symbol]                       0x20002bec   Section        0  tasks.o(.bss.xTickCount)
    xTimerQueue                              0x20002bf0   Data           4  timers.o(.bss.xTimerQueue)
    [Anonymous Symbol]                       0x20002bf0   Section        0  timers.o(.bss.xTimerQueue)
    xTimerTaskHandle                         0x20002bf4   Data           4  timers.o(.bss.xTimerTaskHandle)
    [Anonymous Symbol]                       0x20002bf4   Section        0  timers.o(.bss.xTimerTaskHandle)
    xYieldPending                            0x20002bf8   Data           4  tasks.o(.bss.xYieldPending)
    [Anonymous Symbol]                       0x20002bf8   Section        0  tasks.o(.bss.xYieldPending)
    Heap_Mem                                 0x20002c00   Data           0  startup_tm4c123.o(HEAP)
    Stack_Mem                                0x20002c00   Data         512  startup_tm4c123.o(STACK)
    HEAP                                     0x20002c00   Section        0  startup_tm4c123.o(HEAP)
    STACK                                    0x20002c00   Section      512  startup_tm4c123.o(STACK)
    __initial_sp                             0x20002e00   Data           0  startup_tm4c123.o(STACK)

    Global Symbols

    Symbol Name                              Value     Ov Type        Size  Object(Section)

    BuildAttributes$$THM_ISAv4$E$P$D$K$B$S$7EM$VFPi3$EXTD16$VFPS$VFMA$PE$A:L22UL41UL21$X:L11$S22US41US21$IEEE1$IW$~IW$USESV6$~STKCKD$USESV7$~SHL$OTIME$ROPI$EBA8$UX$STANDARDLIB$REQ8$PRES8$EABIv2 0x00000000   Number         0  anon$$obj.o ABSOLUTE
    __Vectors                                0x00000000   Data           4  startup_tm4c123.o(RESET)
    _printf_flags                            0x00000000   Number         0  printf_stubs.o ABSOLUTE
    _printf_return_value                     0x00000000   Number         0  printf_stubs.o ABSOLUTE
    _printf_sizespec                         0x00000000   Number         0  printf_stubs.o ABSOLUTE
    _printf_widthprec                        0x00000000   Number         0  printf_stubs.o ABSOLUTE
    __ARM_exceptions_init                     - Undefined Weak Reference
    __alloca_initialize                       - Undefined Weak Reference
    __arm_preinit_                            - Undefined Weak Reference
    __cpp_initialize__aeabi_                  - Undefined Weak Reference
    __cxa_finalize                            - Undefined Weak Reference
    __rt_locale                               - Undefined Weak Reference
    __sigvec_lookup                           - Undefined Weak Reference
    _atexit_init                              - Undefined Weak Reference
    _call_atexit_fns                          - Undefined Weak Reference
    _clock_init                               - Undefined Weak Reference
    _fp_trap_init                             - Undefined Weak Reference
    _fp_trap_shutdown                         - Undefined Weak Reference
    _get_lc_collate                           - Undefined Weak Reference
    _get_lc_ctype                             - Undefined Weak Reference
    _get_lc_monetary                          - Undefined Weak Reference
    _get_lc_numeric                           - Undefined Weak Reference
    _get_lc_time                              - Undefined Weak Reference
    _getenv_init                              - Undefined Weak Reference
    _handle_redirection                       - Undefined Weak Reference
    _init_alloc                               - Undefined Weak Reference
    _init_user_alloc                          - Undefined Weak Reference
    _initio                                   - Undefined Weak Reference
    _printf_mbtowc                            - Undefined Weak Reference
    _printf_truncate_signed                   - Undefined Weak Reference
    _printf_truncate_unsigned                 - Undefined Weak Reference
    _rand_init                                - Undefined Weak Reference
    _signal_finish                            - Undefined Weak Reference
    _signal_init                              - Undefined Weak Reference
    _terminate_alloc                          - Undefined Weak Reference
    _terminate_user_alloc                     - Undefined Weak Reference
    _terminateio                              - Undefined Weak Reference
    __Vectors_End                            0x0000026c   Data           0  startup_tm4c123.o(RESET)
    __Vectors_Size                           0x0000026c   Number         0  startup_tm4c123.o ABSOLUTE
    __main                                   0x0000026d   Thumb Code     8  __main.o(!!!main)
    __scatterload                            0x00000275   Thumb Code     0  __scatter.o(!!!scatter)
    __scatterload_rt2                        0x00000275   Thumb Code    44  __scatter.o(!!!scatter)
    __scatterload_rt2_thumb_only             0x00000275   Thumb Code     0  __scatter.o(!!!scatter)
    __scatterload_null                       0x00000283   Thumb Code     0  __scatter.o(!!!scatter)
    __scatterload_copy                       0x000002a9   Thumb Code    26  __scatter_copy.o(!!handler_copy)
    __scatterload_zeroinit                   0x000002c5   Thumb Code    28  __scatter_zi.o(!!handler_zi)
    _printf_d                                0x000002e1   Thumb Code     0  _printf_d.o(.ARM.Collect$$_printf_percent$$00000009)
    _printf_percent                          0x000002e1   Thumb Code     0  _printf_percent.o(.ARM.Collect$$_printf_percent$$00000000)
    _printf_s                                0x000002e7   Thumb Code     0  _printf_s.o(.ARM.Collect$$_printf_percent$$00000014)
    _printf_percent_end                      0x000002ed   Thumb Code     0  _printf_percent_end.o(.ARM.Collect$$_printf_percent$$00000017)
    __rt_lib_init                            0x000002f1   Thumb Code     0  libinit.o(.ARM.Collect$$libinit$$00000000)
    __rt_lib_init_fp_1                       0x000002f3   Thumb Code     0  libinit2.o(.ARM.Collect$$libinit$$00000001)
    __rt_lib_init_alloca_1                   0x000002f7   Thumb Code     0  libinit2.o(.ARM.Collect$$libinit$$0000002E)
    __rt_lib_init_argv_1                     0x000002f7   Thumb Code     0  libinit2.o(.ARM.Collect$$libinit$$0000002C)
    __rt_lib_init_atexit_1                   0x000002f7   Thumb Code     0  libinit2.o(.ARM.Collect$$libinit$$0000001B)
    __rt_lib_init_clock_1                    0x000002f7   Thumb Code     0  libinit2.o(.ARM.Collect$$libinit$$00000021)
    __rt_lib_init_cpp_1                      0x000002f7   Thumb Code     0  libinit2.o(.ARM.Collect$$libinit$$00000032)
    __rt_lib_init_exceptions_1               0x000002f7   Thumb Code     0  libinit2.o(.ARM.Collect$$libinit$$00000030)
    __rt_lib_init_fp_trap_1                  0x000002f7   Thumb Code     0  libinit2.o(.ARM.Collect$$libinit$$0000001F)
    __rt_lib_init_getenv_1                   0x000002f7   Thumb Code     0  libinit2.o(.ARM.Collect$$libinit$$00000023)
    __rt_lib_init_heap_1                     0x000002f7   Thumb Code     0  libinit2.o(.ARM.Collect$$libinit$$0000000A)
    __rt_lib_init_lc_collate_1               0x000002f7   Thumb Code     0  libinit2.o(.ARM.Collect$$libinit$$00000011)
    __rt_lib_init_lc_ctype_1                 0x000002f7   Thumb Code     0  libinit2.o(.ARM.Collect$$libinit$$00000013)
    __rt_lib_init_lc_monetary_1              0x000002f7   Thumb Code     0  libinit2.o(.ARM.Collect$$libinit$$00000015)
    __rt_lib_init_lc_numeric_1               0x000002f7   Thumb Code     0  libinit2.o(.ARM.Collect$$libinit$$00000017)
    __rt_lib_init_lc_time_1                  0x000002f7   Thumb Code     0  libinit2.o(.ARM.Collect$$libinit$$00000019)
    __rt_lib_init_preinit_1                  0x000002f7   Thumb Code     0  libinit2.o(.ARM.Collect$$libinit$$00000004)
    __rt_lib_init_rand_1                     0x000002f7   Thumb Code     0  libinit2.o(.ARM.Collect$$libinit$$0000000E)
    __rt_lib_init_return                     0x000002f7   Thumb Code     0  libinit2.o(.ARM.Collect$$libinit$$00000033)
    __rt_lib_init_signal_1                   0x000002f7   Thumb Code     0  libinit2.o(.ARM.Collect$$libinit$$0000001D)
    __rt_lib_init_stdio_1                    0x000002f7   Thumb Code     0  libinit2.o(.ARM.Collect$$libinit$$00000025)
    __rt_lib_init_user_alloc_1               0x000002f7   Thumb Code     0  libinit2.o(.ARM.Collect$$libinit$$0000000C)
    __rt_lib_shutdown                        0x000002f9   Thumb Code     0  libshutdown.o(.ARM.Collect$$libshutdown$$00000000)
    __rt_lib_shutdown_cpp_1                  0x000002fb   Thumb Code     0  libshutdown2.o(.ARM.Collect$$libshutdown$$00000002)
    __rt_lib_shutdown_fp_trap_1              0x000002fb   Thumb Code     0  libshutdown2.o(.ARM.Collect$$libshutdown$$00000007)
    __rt_lib_shutdown_heap_1                 0x000002fb   Thumb Code     0  libshutdown2.o(.ARM.Collect$$libshutdown$$0000000F)
    __rt_lib_shutdown_return                 0x000002fb   Thumb Code     0  libshutdown2.o(.ARM.Collect$$libshutdown$$00000010)
    __rt_lib_shutdown_signal_1               0x000002fb   Thumb Code     0  libshutdown2.o(.ARM.Collect$$libshutdown$$0000000A)
    __rt_lib_shutdown_stdio_1                0x000002fb   Thumb Code     0  libshutdown2.o(.ARM.Collect$$libshutdown$$00000004)
    __rt_lib_shutdown_user_alloc_1           0x000002fb   Thumb Code     0  libshutdown2.o(.ARM.Collect$$libshutdown$$0000000C)
    __rt_entry                               0x000002fd   Thumb Code     0  __rtentry.o(.ARM.Collect$$rtentry$$00000000)
    __rt_entry_presh_1                       0x000002fd   Thumb Code     0  __rtentry2.o(.ARM.Collect$$rtentry$$00000002)
    __rt_entry_sh                            0x000002fd   Thumb Code     0  __rtentry4.o(.ARM.Collect$$rtentry$$00000004)
    __rt_entry_postsh_1                      0x00000303   Thumb Code     0  __rtentry2.o(.ARM.Collect$$rtentry$$00000008)
    __rt_entry_li                            0x0000030b   Thumb Code     0  __rtentry2.o(.ARM.Collect$$rtentry$$0000000A)
    __rt_entry_main                          0x0000030f   Thumb Code     0  __rtentry2.o(.ARM.Collect$$rtentry$$0000000D)
    __rt_entry_postli_1                      0x0000030f   Thumb Code     0  __rtentry2.o(.ARM.Collect$$rtentry$$0000000C)
    __rt_exit                                0x00000317   Thumb Code     0  rtexit.o(.ARM.Collect$$rtexit$$00000000)
    __rt_exit_ls                             0x00000319   Thumb Code     0  rtexit2.o(.ARM.Collect$$rtexit$$00000003)
    __rt_exit_prels_1                        0x00000319   Thumb Code     0  rtexit2.o(.ARM.Collect$$rtexit$$00000002)
    __rt_exit_exit                           0x0000031d   Thumb Code     0  rtexit2.o(.ARM.Collect$$rtexit$$00000004)
    Reset_Handler                            0x00000325   Thumb Code     8  startup_tm4c123.o(.text)
    NMI_Handler                              0x0000032d   Thumb Code     2  startup_tm4c123.o(.text)
    HardFault_Handler                        0x0000032f   Thumb Code     2  startup_tm4c123.o(.text)
    MemManage_Handler                        0x00000331   Thumb Code     2  startup_tm4c123.o(.text)
    BusFault_Handler                         0x00000333   Thumb Code     2  startup_tm4c123.o(.text)
    UsageFault_Handler                       0x00000335   Thumb Code     2  startup_tm4c123.o(.text)
    DebugMon_Handler                         0x00000339   Thumb Code     2  startup_tm4c123.o(.text)
    GPIOA_Handler                            0x0000033f   Thumb Code     2  startup_tm4c123.o(.text)
    GPIOB_Handler                            0x00000341   Thumb Code     2  startup_tm4c123.o(.text)
    GPIOC_Handler                            0x00000343   Thumb Code     2  startup_tm4c123.o(.text)
    GPIOD_Handler                            0x00000345   Thumb Code     2  startup_tm4c123.o(.text)
    GPIOE_Handler                            0x00000347   Thumb Code     2  startup_tm4c123.o(.text)
    UART1_Handler                            0x0000034b   Thumb Code     2  startup_tm4c123.o(.text)
    SSI0_Handler                             0x0000034d   Thumb Code     2  startup_tm4c123.o(.text)
    I2C0_Handler                             0x0000034f   Thumb Code     2  startup_tm4c123.o(.text)
    PMW0_FAULT_Handler                       0x00000351   Thumb Code     2  startup_tm4c123.o(.text)
    PWM0_0_Handler                           0x00000353   Thumb Code     2  startup_tm4c123.o(.text)
    PWM0_1_Handler                           0x00000355   Thumb Code     2  startup_tm4c123.o(.text)
    PWM0_2_Handler                           0x00000357   Thumb Code     2  startup_tm4c123.o(.text)
    QEI0_Handler                             0x00000359   Thumb Code     2  startup_tm4c123.o(.text)
    ADC0SS0_Handler                          0x0000035b   Thumb Code     2  startup_tm4c123.o(.text)
    ADC0SS1_Handler                          0x0000035d   Thumb Code     2  startup_tm4c123.o(.text)
    ADC0SS2_Handler                          0x0000035f   Thumb Code     2  startup_tm4c123.o(.text)
    ADC0SS3_Handler                          0x00000361   Thumb Code     2  startup_tm4c123.o(.text)
    WDT0_Handler                             0x00000363   Thumb Code     2  startup_tm4c123.o(.text)
    TIMER0A_Handler                          0x00000365   Thumb Code     2  startup_tm4c123.o(.text)
    TIMER0B_Handler                          0x00000367   Thumb Code     2  startup_tm4c123.o(.text)
    TIMER1A_Handler                          0x00000369   Thumb Code     2  startup_tm4c123.o(.text)
    TIMER1B_Handler                          0x0000036b   Thumb Code     2  startup_tm4c123.o(.text)
    TIMER2A_Handler                          0x0000036d   Thumb Code     2  startup_tm4c123.o(.text)
    TIMER2B_Handler                          0x0000036f   Thumb Code     2  startup_tm4c123.o(.text)
    COMP0_Handler                            0x00000371   Thumb Code     2  startup_tm4c123.o(.text)
    COMP1_Handler                            0x00000373   Thumb Code     2  startup_tm4c123.o(.text)
    COMP2_Handler                            0x00000375   Thumb Code     2  startup_tm4c123.o(.text)
    SYSCTL_Handler                           0x00000377   Thumb Code     2  startup_tm4c123.o(.text)
    FLASH_Handler                            0x00000379   Thumb Code     2  startup_tm4c123.o(.text)
    GPIOF_Handler                            0x0000037b   Thumb Code     2  startup_tm4c123.o(.text)
    GPIOG_Handler                            0x0000037d   Thumb Code     2  startup_tm4c123.o(.text)
    GPIOH_Handler                            0x0000037f   Thumb Code     2  startup_tm4c123.o(.text)
    UART2_Handler                            0x00000381   Thumb Code     2  startup_tm4c123.o(.text)
    SSI1_Handler                             0x00000383   Thumb Code     2  startup_tm4c123.o(.text)
    TIMER3A_Handler                          0x00000385   Thumb Code     2  startup_tm4c123.o(.text)
    TIMER3B_Handler                          0x00000387   Thumb Code     2  startup_tm4c123.o(.text)
    I2C1_Handler                             0x00000389   Thumb Code     2  startup_tm4c123.o(.text)
    QEI1_Handler                             0x0000038b   Thumb Code     2  startup_tm4c123.o(.text)
    CAN0_Handler                             0x0000038d   Thumb Code     2  startup_tm4c123.o(.text)
    CAN1_Handler                             0x0000038f   Thumb Code     2  startup_tm4c123.o(.text)
    CAN2_Handler                             0x00000391   Thumb Code     2  startup_tm4c123.o(.text)
    HIB_Handler                              0x00000393   Thumb Code     2  startup_tm4c123.o(.text)
    USB0_Handler                             0x00000395   Thumb Code     2  startup_tm4c123.o(.text)
    PWM0_3_Handler                           0x00000397   Thumb Code     2  startup_tm4c123.o(.text)
    UDMA_Handler                             0x00000399   Thumb Code     2  startup_tm4c123.o(.text)
    UDMAERR_Handler                          0x0000039b   Thumb Code     2  startup_tm4c123.o(.text)
    ADC1SS0_Handler                          0x0000039d   Thumb Code     2  startup_tm4c123.o(.text)
    ADC1SS1_Handler                          0x0000039f   Thumb Code     2  startup_tm4c123.o(.text)
    ADC1SS2_Handler                          0x000003a1   Thumb Code     2  startup_tm4c123.o(.text)
    ADC1SS3_Handler                          0x000003a3   Thumb Code     2  startup_tm4c123.o(.text)
    GPIOJ_Handler                            0x000003a5   Thumb Code     2  startup_tm4c123.o(.text)
    GPIOK_Handler                            0x000003a7   Thumb Code     2  startup_tm4c123.o(.text)
    GPIOL_Handler                            0x000003a9   Thumb Code     2  startup_tm4c123.o(.text)
    SSI2_Handler                             0x000003ab   Thumb Code     2  startup_tm4c123.o(.text)
    SSI3_Handler                             0x000003ad   Thumb Code     2  startup_tm4c123.o(.text)
    UART3_Handler                            0x000003af   Thumb Code     2  startup_tm4c123.o(.text)
    UART4_Handler                            0x000003b1   Thumb Code     2  startup_tm4c123.o(.text)
    UART5_Handler                            0x000003b3   Thumb Code     2  startup_tm4c123.o(.text)
    UART6_Handler                            0x000003b5   Thumb Code     2  startup_tm4c123.o(.text)
    UART7_Handler                            0x000003b7   Thumb Code     2  startup_tm4c123.o(.text)
    I2C2_Handler                             0x000003b9   Thumb Code     2  startup_tm4c123.o(.text)
    I2C3_Handler                             0x000003bb   Thumb Code     2  startup_tm4c123.o(.text)
    TIMER4A_Handler                          0x000003bd   Thumb Code     2  startup_tm4c123.o(.text)
    TIMER4B_Handler                          0x000003bf   Thumb Code     2  startup_tm4c123.o(.text)
    TIMER5A_Handler                          0x000003c1   Thumb Code     2  startup_tm4c123.o(.text)
    TIMER5B_Handler                          0x000003c3   Thumb Code     2  startup_tm4c123.o(.text)
    WTIMER0A_Handler                         0x000003c5   Thumb Code     2  startup_tm4c123.o(.text)
    WTIMER0B_Handler                         0x000003c7   Thumb Code     2  startup_tm4c123.o(.text)
    WTIMER1A_Handler                         0x000003c9   Thumb Code     2  startup_tm4c123.o(.text)
    WTIMER1B_Handler                         0x000003cb   Thumb Code     2  startup_tm4c123.o(.text)
    WTIMER2A_Handler                         0x000003cd   Thumb Code     2  startup_tm4c123.o(.text)
    WTIMER2B_Handler                         0x000003cf   Thumb Code     2  startup_tm4c123.o(.text)
    WTIMER3A_Handler                         0x000003d1   Thumb Code     2  startup_tm4c123.o(.text)
    WTIMER3B_Handler                         0x000003d3   Thumb Code     2  startup_tm4c123.o(.text)
    WTIMER4A_Handler                         0x000003d5   Thumb Code     2  startup_tm4c123.o(.text)
    WTIMER4B_Handler                         0x000003d7   Thumb Code     2  startup_tm4c123.o(.text)
    WTIMER5A_Handler                         0x000003d9   Thumb Code     2  startup_tm4c123.o(.text)
    WTIMER5B_Handler                         0x000003db   Thumb Code     2  startup_tm4c123.o(.text)
    FPU_Handler                              0x000003dd   Thumb Code     2  startup_tm4c123.o(.text)
    I2C4_Handler                             0x000003df   Thumb Code     2  startup_tm4c123.o(.text)
    I2C5_Handler                             0x000003e1   Thumb Code     2  startup_tm4c123.o(.text)
    GPIOM_Handler                            0x000003e3   Thumb Code     2  startup_tm4c123.o(.text)
    GPION_Handler                            0x000003e5   Thumb Code     2  startup_tm4c123.o(.text)
    QEI2_Handler                             0x000003e7   Thumb Code     2  startup_tm4c123.o(.text)
    GPIOP0_Handler                           0x000003e9   Thumb Code     2  startup_tm4c123.o(.text)
    GPIOP1_Handler                           0x000003eb   Thumb Code     2  startup_tm4c123.o(.text)
    GPIOP2_Handler                           0x000003ed   Thumb Code     2  startup_tm4c123.o(.text)
    GPIOP3_Handler                           0x000003ef   Thumb Code     2  startup_tm4c123.o(.text)
    GPIOP4_Handler                           0x000003f1   Thumb Code     2  startup_tm4c123.o(.text)
    GPIOP5_Handler                           0x000003f3   Thumb Code     2  startup_tm4c123.o(.text)
    GPIOP6_Handler                           0x000003f5   Thumb Code     2  startup_tm4c123.o(.text)
    GPIOP7_Handler                           0x000003f7   Thumb Code     2  startup_tm4c123.o(.text)
    GPIOQ0_Handler                           0x000003f9   Thumb Code     2  startup_tm4c123.o(.text)
    GPIOQ1_Handler                           0x000003fb   Thumb Code     2  startup_tm4c123.o(.text)
    GPIOQ2_Handler                           0x000003fd   Thumb Code     2  startup_tm4c123.o(.text)
    GPIOQ3_Handler                           0x000003ff   Thumb Code     2  startup_tm4c123.o(.text)
    GPIOQ4_Handler                           0x00000401   Thumb Code     2  startup_tm4c123.o(.text)
    GPIOQ5_Handler                           0x00000403   Thumb Code     2  startup_tm4c123.o(.text)
    GPIOQ6_Handler                           0x00000405   Thumb Code     2  startup_tm4c123.o(.text)
    GPIOQ7_Handler                           0x00000407   Thumb Code     2  startup_tm4c123.o(.text)
    GPIOR_Handler                            0x00000409   Thumb Code     2  startup_tm4c123.o(.text)
    GPIOS_Handler                            0x0000040b   Thumb Code     2  startup_tm4c123.o(.text)
    PMW1_0_Handler                           0x0000040d   Thumb Code     2  startup_tm4c123.o(.text)
    PWM1_1_Handler                           0x0000040f   Thumb Code     2  startup_tm4c123.o(.text)
    PWM1_2_Handler                           0x00000411   Thumb Code     2  startup_tm4c123.o(.text)
    PWM1_3_Handler                           0x00000413   Thumb Code     2  startup_tm4c123.o(.text)
    PWM1_FAULT_Handler                       0x00000415   Thumb Code     2  startup_tm4c123.o(.text)
    __user_initial_stackheap                 0x00000419   Thumb Code     0  startup_tm4c123.o(.text)
    __2sprintf                               0x00000439   Thumb Code    34  noretval__2sprintf.o(.text)
    _printf_pre_padding                      0x00000461   Thumb Code    44  _printf_pad.o(.text)
    _printf_post_padding                     0x0000048d   Thumb Code    34  _printf_pad.o(.text)
    _printf_str                              0x000004af   Thumb Code    82  _printf_str.o(.text)
    _printf_int_dec                          0x00000501   Thumb Code   104  _printf_dec.o(.text)
    __printf                                 0x00000579   Thumb Code   308  __printf_flags_wp.o(.text)
    __aeabi_memcpy                           0x000006b1   Thumb Code     0  rt_memcpy_v6.o(.text)
    __rt_memcpy                              0x000006b1   Thumb Code   138  rt_memcpy_v6.o(.text)
    _memcpy_lastbytes                        0x00000717   Thumb Code     0  rt_memcpy_v6.o(.text)
    __aeabi_memset4                          0x0000073b   Thumb Code    16  aeabi_memset4.o(.text)
    __aeabi_memset8                          0x0000073b   Thumb Code     0  aeabi_memset4.o(.text)
    __use_two_region_memory                  0x0000074b   Thumb Code     2  heapauxi.o(.text)
    __rt_heap_escrow$2region                 0x0000074d   Thumb Code     2  heapauxi.o(.text)
    __rt_heap_expand$2region                 0x0000074f   Thumb Code     2  heapauxi.o(.text)
    _printf_int_common                       0x00000751   Thumb Code   178  _printf_intcommon.o(.text)
    _printf_char_common                      0x0000080f   Thumb Code    32  _printf_char_common.o(.text)
    _sputc                                   0x00000835   Thumb Code    10  _sputc.o(.text)
    _printf_cs_common                        0x0000083f   Thumb Code    20  _printf_char.o(.text)
    _printf_char                             0x00000853   Thumb Code    16  _printf_char.o(.text)
    _printf_string                           0x00000863   Thumb Code     8  _printf_char.o(.text)
    __aeabi_memcpy4                          0x0000086b   Thumb Code     0  rt_memcpy_w.o(.text)
    __aeabi_memcpy8                          0x0000086b   Thumb Code     0  rt_memcpy_w.o(.text)
    __rt_memcpy_w                            0x0000086b   Thumb Code   100  rt_memcpy_w.o(.text)
    _memcpy_lastbytes_aligned                0x000008b3   Thumb Code     0  rt_memcpy_w.o(.text)
    __aeabi_memclr4                          0x000008cf   Thumb Code     0  rt_memclr_w.o(.text)
    __aeabi_memclr8                          0x000008cf   Thumb Code     0  rt_memclr_w.o(.text)
    __rt_memclr_w                            0x000008cf   Thumb Code     0  rt_memclr_w.o(.text)
    _memset_w                                0x000008d3   Thumb Code    74  rt_memclr_w.o(.text)
    __user_setup_stackheap                   0x0000091d   Thumb Code    74  sys_stackheap_outer.o(.text)
    exit                                     0x00000967   Thumb Code    18  exit.o(.text)
    __user_libspace                          0x00000979   Thumb Code     8  libspace.o(.text)
    __user_perproc_libspace                  0x00000979   Thumb Code     0  libspace.o(.text)
    _sys_exit                                0x00000981   Thumb Code     8  sys_exit.o(.text)
    __I$use$semihosting                      0x0000098d   Thumb Code     0  use_no_semi.o(.text)
    __use_no_semihosting_swi                 0x0000098d   Thumb Code     2  use_no_semi.o(.text)
    __semihosting_library_function           0x0000098f   Thumb Code     0  indicate_semi.o(.text)
    LCD_clearScreen                          0x00000991   Thumb Code    10  lcd.o(.text.LCD_clearScreen)
    LCD_ctrlPortInit                         0x0000099d   Thumb Code    38  lcd.o(.text.LCD_ctrlPortInit)
    LCD_dataPortInit                         0x000009c5   Thumb Code    38  lcd.o(.text.LCD_dataPortInit)
    LCD_init                                 0x000009ed   Thumb Code    36  lcd.o(.text.LCD_init)
    LCD_instruction                          0x00000a11   Thumb Code    48  lcd.o(.text.LCD_instruction)
    LCD_secondLine                           0x00000a41   Thumb Code    10  lcd.o(.text.LCD_secondLine)
    LCD_writeChar                            0x00000a4d   Thumb Code    50  lcd.o(.text.LCD_writeChar)
    LCD_writeWord                            0x00000a81   Thumb Code    28  lcd.o(.text.LCD_writeWord)
    PendSV_Handler                           0x00000aa1   Thumb Code   100  port.o(.text.PendSV_Handler)
    SVC_Handler                              0x00000b11   Thumb Code    36  port.o(.text.SVC_Handler)
    SysTick_Handler                          0x00000b35   Thumb Code    26  cmsis_os2.o(.text.SysTick_Handler)
    SystemInit                               0x00000b51   Thumb Code   112  system_tm4c123.o(.text.SystemInit)
    UART0_Handler                            0x00000bc1   Thumb Code    58  main.o(.text.UART0_Handler)
    UART0_clearInt                           0x00000bfd   Thumb Code    18  uart.o(.text.UART0_clearInt)
    UART0_init                               0x00000c11   Thumb Code   144  uart.o(.text.UART0_init)
    UART0_read                               0x00000ca1   Thumb Code    20  uart.o(.text.UART0_read)
    UART0_writeText                          0x00000cb5   Thumb Code    34  uart.o(.text.UART0_writeText)
    _mutex_acquire                           0x00000cd9   Thumb Code    26  clib_arm.o(.text._mutex_acquire)
    _mutex_free                              0x00000cf5   Thumb Code    48  clib_arm.o(.text._mutex_free)
    _mutex_initialize                        0x00000d25   Thumb Code    82  clib_arm.o(.text._mutex_initialize)
    _mutex_release                           0x00000d79   Thumb Code    28  clib_arm.o(.text._mutex_release)
    _platform_post_stackheap_init            0x00000d95   Thumb Code     2  clib_arm.o(.text._platform_post_stackheap_init)
    checkRange                               0x00000d99   Thumb Code    24  inpututil.o(.text.checkRange)
    getHour                                  0x00000db1   Thumb Code    38  inpututil.o(.text.getHour)
    getSecMin                                0x00000dd9   Thumb Code    38  inpututil.o(.text.getSecMin)
    main                                     0x00000ebd   Thumb Code   192  main.o(.text.main)
    pvPortMalloc                             0x00001811   Thumb Code    90  heap_1.o(.text.pvPortMalloc)
    pvTaskIncrementMutexHeldCount            0x0000186d   Thumb Code    24  tasks.o(.text.pvTaskIncrementMutexHeldCount)
    pxPortInitialiseStack                    0x00001885   Thumb Code    40  port.o(.text.pxPortInitialiseStack)
    readTime                                 0x000018ad   Thumb Code    40  main.o(.text.readTime)
    uxListRemove                             0x00001add   Thumb Code    36  list.o(.text.uxListRemove)
    vApplicationGetIdleTaskMemory            0x00001b01   Thumb Code    26  cmsis_os2.o(.text.vApplicationGetIdleTaskMemory)
    vApplicationGetTimerTaskMemory           0x00001b1d   Thumb Code    26  cmsis_os2.o(.text.vApplicationGetTimerTaskMemory)
    vApplicationStackOverflowHook            0x00001b39   Thumb Code     2  cmsis_os2.o(.text.vApplicationStackOverflowHook)
    vListInitialise                          0x00001b3d   Thumb Code    22  list.o(.text.vListInitialise)
    vListInitialiseItem                      0x00001b55   Thumb Code     6  list.o(.text.vListInitialiseItem)
    vListInsert                              0x00001b5d   Thumb Code    58  list.o(.text.vListInsert)
    vListInsertEnd                           0x00001b99   Thumb Code    28  list.o(.text.vListInsertEnd)
    vPortEnterCritical                       0x00001bc9   Thumb Code    32  port.o(.text.vPortEnterCritical)
    vPortExitCritical                        0x00001be9   Thumb Code    26  port.o(.text.vPortExitCritical)
    vPortFree                                0x00001c05   Thumb Code     2  heap_1.o(.text.vPortFree)
    vPortSetupTimerInterrupt                 0x00001c09   Thumb Code    52  port.o(.text.vPortSetupTimerInterrupt)
    vQueueDelete                             0x00001c3d   Thumb Code    16  queue.o(.text.vQueueDelete)
    vQueueWaitForMessageRestricted           0x00001c4d   Thumb Code    68  queue.o(.text.vQueueWaitForMessageRestricted)
    vTaskDelay                               0x00001c91   Thumb Code    52  tasks.o(.text.vTaskDelay)
    vTaskInternalSetTimeOutState             0x00001cc5   Thumb Code    26  tasks.o(.text.vTaskInternalSetTimeOutState)
    vTaskMissedYield                         0x00001ce1   Thumb Code    14  tasks.o(.text.vTaskMissedYield)
    vTaskPlaceOnEventList                    0x00001cf1   Thumb Code    30  tasks.o(.text.vTaskPlaceOnEventList)
    vTaskPlaceOnEventListRestricted          0x00001d11   Thumb Code    40  tasks.o(.text.vTaskPlaceOnEventListRestricted)
    vTaskPriorityDisinheritAfterTimeout      0x00001d39   Thumb Code   108  tasks.o(.text.vTaskPriorityDisinheritAfterTimeout)
    vTaskStartScheduler                      0x00001da5   Thumb Code   132  tasks.o(.text.vTaskStartScheduler)
    vTaskSuspend                             0x00001e31   Thumb Code   174  tasks.o(.text.vTaskSuspend)
    vTaskSuspendAll                          0x00001ee1   Thumb Code    16  tasks.o(.text.vTaskSuspendAll)
    vTaskSwitchContext                       0x00001ef1   Thumb Code   164  tasks.o(.text.vTaskSwitchContext)
    xPortStartScheduler                      0x00001f95   Thumb Code    74  port.o(.text.xPortStartScheduler)
    xPortSysTickHandler                      0x00001fe1   Thumb Code    46  port.o(.text.xPortSysTickHandler)
    xQueueCreateMutex                        0x00002011   Thumb Code    22  queue.o(.text.xQueueCreateMutex)
    xQueueCreateMutexStatic                  0x00002029   Thumb Code    34  queue.o(.text.xQueueCreateMutexStatic)
    xQueueGenericCreate                      0x0000204d   Thumb Code    50  queue.o(.text.xQueueGenericCreate)
    xQueueGenericCreateStatic                0x00002081   Thumb Code    28  queue.o(.text.xQueueGenericCreateStatic)
    xQueueGenericReset                       0x0000209d   Thumb Code   106  queue.o(.text.xQueueGenericReset)
    xQueueGenericSend                        0x00002109   Thumb Code   310  queue.o(.text.xQueueGenericSend)
    xQueueGenericSendFromISR                 0x00002241   Thumb Code   112  queue.o(.text.xQueueGenericSendFromISR)
    xQueueGiveFromISR                        0x000022b1   Thumb Code   110  queue.o(.text.xQueueGiveFromISR)
    xQueueReceive                            0x00002321   Thumb Code   300  queue.o(.text.xQueueReceive)
    xQueueSemaphoreTake                      0x0000244d   Thumb Code   354  queue.o(.text.xQueueSemaphoreTake)
    xTaskCheckForTimeOut                     0x000025b1   Thumb Code    92  tasks.o(.text.xTaskCheckForTimeOut)
    xTaskCreate                              0x0000260d   Thumb Code   102  tasks.o(.text.xTaskCreate)
    xTaskCreateStatic                        0x00002675   Thumb Code    62  tasks.o(.text.xTaskCreateStatic)
    xTaskGetSchedulerState                   0x000026b5   Thumb Code    38  tasks.o(.text.xTaskGetSchedulerState)
    xTaskGetTickCount                        0x000026dd   Thumb Code    12  tasks.o(.text.xTaskGetTickCount)
    xTaskIncrementTick                       0x000026e9   Thumb Code   314  tasks.o(.text.xTaskIncrementTick)
    xTaskPriorityDisinherit                  0x00002825   Thumb Code    92  tasks.o(.text.xTaskPriorityDisinherit)
    xTaskPriorityInherit                     0x00002881   Thumb Code   146  tasks.o(.text.xTaskPriorityInherit)
    xTaskRemoveFromEventList                 0x00002915   Thumb Code   122  tasks.o(.text.xTaskRemoveFromEventList)
    xTaskResumeAll                           0x00002991   Thumb Code   252  tasks.o(.text.xTaskResumeAll)
    xTimerCreateTimerTask                    0x00002a8d   Thumb Code    96  timers.o(.text.xTimerCreateTimerTask)
    xTimerGenericCommand                     0x00002af5   Thumb Code    86  timers.o(.text.xTimerGenericCommand)
    _is_digit                                0x00002b4b   Thumb Code    14  __printf_wp.o(i._is_digit)
    _fp_init                                 0x00002b59   Thumb Code    26  fpinit.o(x$fpl$fpinit)
    __fplib_config_fpu_vfp                   0x00002b71   Thumb Code     0  fpinit.o(x$fpl$fpinit)
    __fplib_config_pureend_doubles           0x00002b71   Thumb Code     0  fpinit.o(x$fpl$fpinit)
    Region$$Table$$Base                      0x00002c40   Number         0  anon$$obj.o(Region$$Table)
    Region$$Table$$Limit                     0x00002c60   Number         0  anon$$obj.o(Region$$Table)
    SystemCoreClock                          0x20000000   Data           4  system_tm4c123.o(.data.SystemCoreClock)
    __libspace_start                         0x20000008   Data          96  libspace.o(.bss)
    __temporary_stack_top$libspace           0x20000068   Data           0  libspace.o(.bss)
    pxCurrentTCB                             0x200002b8   Data           4  tasks.o(.bss.pxCurrentTCB)



==============================================================================

Memory Map of the image

  Image Entry point : 0x00000325

  Load Region LR_1 (Base: 0x00000000, Size: 0x00002c68, Max: 0xffffffff, ABSOLUTE)

    Execution Region ER_RO (Exec base: 0x00000000, Load base: 0x00000000, Size: 0x00002c60, Max: 0xffffffff, ABSOLUTE)

    Exec Addr    Load Addr    Size         Type   Attr      Idx    E Section Name        Object

    0x00000000   0x00000000   0x0000026c   Data   RO          317    RESET               startup_tm4c123.o
    0x0000026c   0x0000026c   0x00000008   Code   RO          798  * !!!main             c_w.l(__main.o)
    0x00000274   0x00000274   0x00000034   Code   RO          974    !!!scatter          c_w.l(__scatter.o)
    0x000002a8   0x000002a8   0x0000001a   Code   RO          976    !!handler_copy      c_w.l(__scatter_copy.o)
    0x000002c2   0x000002c2   0x00000002   PAD
    0x000002c4   0x000002c4   0x0000001c   Code   RO          978    !!handler_zi        c_w.l(__scatter_zi.o)
    0x000002e0   0x000002e0   0x00000000   Code   RO          791    .ARM.Collect$$_printf_percent$$00000000  c_w.l(_printf_percent.o)
    0x000002e0   0x000002e0   0x00000006   Code   RO          790    .ARM.Collect$$_printf_percent$$00000009  c_w.l(_printf_d.o)
    0x000002e6   0x000002e6   0x00000006   Code   RO          789    .ARM.Collect$$_printf_percent$$00000014  c_w.l(_printf_s.o)
    0x000002ec   0x000002ec   0x00000004   Code   RO          809    .ARM.Collect$$_printf_percent$$00000017  c_w.l(_printf_percent_end.o)
    0x000002f0   0x000002f0   0x00000002   Code   RO          838    .ARM.Collect$$libinit$$00000000  c_w.l(libinit.o)
    0x000002f2   0x000002f2   0x00000004   Code   RO          844    .ARM.Collect$$libinit$$00000001  c_w.l(libinit2.o)
    0x000002f6   0x000002f6   0x00000000   Code   RO          847    .ARM.Collect$$libinit$$00000004  c_w.l(libinit2.o)
    0x000002f6   0x000002f6   0x00000000   Code   RO          850    .ARM.Collect$$libinit$$0000000A  c_w.l(libinit2.o)
    0x000002f6   0x000002f6   0x00000000   Code   RO          852    .ARM.Collect$$libinit$$0000000C  c_w.l(libinit2.o)
    0x000002f6   0x000002f6   0x00000000   Code   RO          854    .ARM.Collect$$libinit$$0000000E  c_w.l(libinit2.o)
    0x000002f6   0x000002f6   0x00000000   Code   RO          857    .ARM.Collect$$libinit$$00000011  c_w.l(libinit2.o)
    0x000002f6   0x000002f6   0x00000000   Code   RO          859    .ARM.Collect$$libinit$$00000013  c_w.l(libinit2.o)
    0x000002f6   0x000002f6   0x00000000   Code   RO          861    .ARM.Collect$$libinit$$00000015  c_w.l(libinit2.o)
    0x000002f6   0x000002f6   0x00000000   Code   RO          863    .ARM.Collect$$libinit$$00000017  c_w.l(libinit2.o)
    0x000002f6   0x000002f6   0x00000000   Code   RO          865    .ARM.Collect$$libinit$$00000019  c_w.l(libinit2.o)
    0x000002f6   0x000002f6   0x00000000   Code   RO          867    .ARM.Collect$$libinit$$0000001B  c_w.l(libinit2.o)
    0x000002f6   0x000002f6   0x00000000   Code   RO          869    .ARM.Collect$$libinit$$0000001D  c_w.l(libinit2.o)
    0x000002f6   0x000002f6   0x00000000   Code   RO          871    .ARM.Collect$$libinit$$0000001F  c_w.l(libinit2.o)
    0x000002f6   0x000002f6   0x00000000   Code   RO          873    .ARM.Collect$$libinit$$00000021  c_w.l(libinit2.o)
    0x000002f6   0x000002f6   0x00000000   Code   RO          875    .ARM.Collect$$libinit$$00000023  c_w.l(libinit2.o)
    0x000002f6   0x000002f6   0x00000000   Code   RO          877    .ARM.Collect$$libinit$$00000025  c_w.l(libinit2.o)
    0x000002f6   0x000002f6   0x00000000   Code   RO          881    .ARM.Collect$$libinit$$0000002C  c_w.l(libinit2.o)
    0x000002f6   0x000002f6   0x00000000   Code   RO          883    .ARM.Collect$$libinit$$0000002E  c_w.l(libinit2.o)
    0x000002f6   0x000002f6   0x00000000   Code   RO          885    .ARM.Collect$$libinit$$00000030  c_w.l(libinit2.o)
    0x000002f6   0x000002f6   0x00000000   Code   RO          887    .ARM.Collect$$libinit$$00000032  c_w.l(libinit2.o)
    0x000002f6   0x000002f6   0x00000002   Code   RO          888    .ARM.Collect$$libinit$$00000033  c_w.l(libinit2.o)
    0x000002f8   0x000002f8   0x00000002   Code   RO          910    .ARM.Collect$$libshutdown$$00000000  c_w.l(libshutdown.o)
    0x000002fa   0x000002fa   0x00000000   Code   RO          925    .ARM.Collect$$libshutdown$$00000002  c_w.l(libshutdown2.o)
    0x000002fa   0x000002fa   0x00000000   Code   RO          927    .ARM.Collect$$libshutdown$$00000004  c_w.l(libshutdown2.o)
    0x000002fa   0x000002fa   0x00000000   Code   RO          930    .ARM.Collect$$libshutdown$$00000007  c_w.l(libshutdown2.o)
    0x000002fa   0x000002fa   0x00000000   Code   RO          933    .ARM.Collect$$libshutdown$$0000000A  c_w.l(libshutdown2.o)
    0x000002fa   0x000002fa   0x00000000   Code   RO          935    .ARM.Collect$$libshutdown$$0000000C  c_w.l(libshutdown2.o)
    0x000002fa   0x000002fa   0x00000000   Code   RO          938    .ARM.Collect$$libshutdown$$0000000F  c_w.l(libshutdown2.o)
    0x000002fa   0x000002fa   0x00000002   Code   RO          939    .ARM.Collect$$libshutdown$$00000010  c_w.l(libshutdown2.o)
    0x000002fc   0x000002fc   0x00000000   Code   RO          800    .ARM.Collect$$rtentry$$00000000  c_w.l(__rtentry.o)
    0x000002fc   0x000002fc   0x00000000   Code   RO          815    .ARM.Collect$$rtentry$$00000002  c_w.l(__rtentry2.o)
    0x000002fc   0x000002fc   0x00000006   Code   RO          827    .ARM.Collect$$rtentry$$00000004  c_w.l(__rtentry4.o)
    0x00000302   0x00000302   0x00000008   Code   RO          816    .ARM.Collect$$rtentry$$00000008  c_w.l(__rtentry2.o)
    0x0000030a   0x0000030a   0x00000004   Code   RO          818    .ARM.Collect$$rtentry$$0000000A  c_w.l(__rtentry2.o)
    0x0000030e   0x0000030e   0x00000000   Code   RO          820    .ARM.Collect$$rtentry$$0000000C  c_w.l(__rtentry2.o)
    0x0000030e   0x0000030e   0x00000008   Code   RO          821    .ARM.Collect$$rtentry$$0000000D  c_w.l(__rtentry2.o)
    0x00000316   0x00000316   0x00000002   Code   RO          842    .ARM.Collect$$rtexit$$00000000  c_w.l(rtexit.o)
    0x00000318   0x00000318   0x00000000   Code   RO          890    .ARM.Collect$$rtexit$$00000002  c_w.l(rtexit2.o)
    0x00000318   0x00000318   0x00000004   Code   RO          891    .ARM.Collect$$rtexit$$00000003  c_w.l(rtexit2.o)
    0x0000031c   0x0000031c   0x00000006   Code   RO          892    .ARM.Collect$$rtexit$$00000004  c_w.l(rtexit2.o)
    0x00000322   0x00000322   0x00000002   PAD
    0x00000324   0x00000324   0x00000114   Code   RO          318  * .text               startup_tm4c123.o
    0x00000438   0x00000438   0x00000028   Code   RO          759    .text               c_w.l(noretval__2sprintf.o)
    0x00000460   0x00000460   0x0000004e   Code   RO          763    .text               c_w.l(_printf_pad.o)
    0x000004ae   0x000004ae   0x00000052   Code   RO          765    .text               c_w.l(_printf_str.o)
    0x00000500   0x00000500   0x00000078   Code   RO          767    .text               c_w.l(_printf_dec.o)
    0x00000578   0x00000578   0x00000138   Code   RO          781    .text               c_w.l(__printf_flags_wp.o)
    0x000006b0   0x000006b0   0x0000008a   Code   RO          792    .text               c_w.l(rt_memcpy_v6.o)
    0x0000073a   0x0000073a   0x00000010   Code   RO          794    .text               c_w.l(aeabi_memset4.o)
    0x0000074a   0x0000074a   0x00000006   Code   RO          796    .text               c_w.l(heapauxi.o)
    0x00000750   0x00000750   0x000000b2   Code   RO          801    .text               c_w.l(_printf_intcommon.o)
    0x00000802   0x00000802   0x00000002   PAD
    0x00000804   0x00000804   0x00000030   Code   RO          803    .text               c_w.l(_printf_char_common.o)
    0x00000834   0x00000834   0x0000000a   Code   RO          805    .text               c_w.l(_sputc.o)
    0x0000083e   0x0000083e   0x0000002c   Code   RO          807    .text               c_w.l(_printf_char.o)
    0x0000086a   0x0000086a   0x00000064   Code   RO          810    .text               c_w.l(rt_memcpy_w.o)
    0x000008ce   0x000008ce   0x0000004e   Code   RO          812    .text               c_w.l(rt_memclr_w.o)
    0x0000091c   0x0000091c   0x0000004a   Code   RO          831    .text               c_w.l(sys_stackheap_outer.o)
    0x00000966   0x00000966   0x00000012   Code   RO          833    .text               c_w.l(exit.o)
    0x00000978   0x00000978   0x00000008   Code   RO          839    .text               c_w.l(libspace.o)
    0x00000980   0x00000980   0x0000000c   Code   RO          900    .text               c_w.l(sys_exit.o)
    0x0000098c   0x0000098c   0x00000002   Code   RO          915    .text               c_w.l(use_no_semi.o)
    0x0000098e   0x0000098e   0x00000000   Code   RO          917    .text               c_w.l(indicate_semi.o)
    0x0000098e   0x0000098e   0x00000002   PAD
    0x00000990   0x00000990   0x0000000a   Code   RO           12    .text.LCD_clearScreen  lcd.o
    0x0000099a   0x0000099a   0x00000002   PAD
    0x0000099c   0x0000099c   0x00000026   Code   RO            4    .text.LCD_ctrlPortInit  lcd.o
    0x000009c2   0x000009c2   0x00000002   PAD
    0x000009c4   0x000009c4   0x00000026   Code   RO            2    .text.LCD_dataPortInit  lcd.o
    0x000009ea   0x000009ea   0x00000002   PAD
    0x000009ec   0x000009ec   0x00000024   Code   RO            6    .text.LCD_init      lcd.o
    0x00000a10   0x00000a10   0x00000030   Code   RO            8    .text.LCD_instruction  lcd.o
    0x00000a40   0x00000a40   0x0000000a   Code   RO           10    .text.LCD_secondLine  lcd.o
    0x00000a4a   0x00000a4a   0x00000002   PAD
    0x00000a4c   0x00000a4c   0x00000032   Code   RO           14    .text.LCD_writeChar  lcd.o
    0x00000a7e   0x00000a7e   0x00000002   PAD
    0x00000a80   0x00000a80   0x0000001c   Code   RO           16    .text.LCD_writeWord  lcd.o
    0x00000a9c   0x00000a9c   0x00000004   PAD
    0x00000aa0   0x00000aa0   0x00000064   Code   RO          418    .text.PendSV_Handler  port.o
    0x00000b04   0x00000b04   0x0000000c   PAD
    0x00000b10   0x00000b10   0x00000024   Code   RO          402    .text.SVC_Handler   port.o
    0x00000b34   0x00000b34   0x0000001a   Code   RO          111    .text.SysTick_Handler  cmsis_os2.o
    0x00000b4e   0x00000b4e   0x00000002   PAD
    0x00000b50   0x00000b50   0x00000070   Code   RO          329    .text.SystemInit    system_tm4c123.o
    0x00000bc0   0x00000bc0   0x0000003a   Code   RO           38    .text.UART0_Handler  main.o
    0x00000bfa   0x00000bfa   0x00000002   PAD
    0x00000bfc   0x00000bfc   0x00000012   Code   RO           57    .text.UART0_clearInt  uart.o
    0x00000c0e   0x00000c0e   0x00000002   PAD
    0x00000c10   0x00000c10   0x00000090   Code   RO           55    .text.UART0_init    uart.o
    0x00000ca0   0x00000ca0   0x00000014   Code   RO           59    .text.UART0_read    uart.o
    0x00000cb4   0x00000cb4   0x00000022   Code   RO           61    .text.UART0_writeText  uart.o
    0x00000cd6   0x00000cd6   0x00000002   PAD
    0x00000cd8   0x00000cd8   0x0000001a   Code   RO           92    .text._mutex_acquire  clib_arm.o
    0x00000cf2   0x00000cf2   0x00000002   PAD
    0x00000cf4   0x00000cf4   0x00000030   Code   RO           96    .text._mutex_free   clib_arm.o
    0x00000d24   0x00000d24   0x00000052   Code   RO           90    .text._mutex_initialize  clib_arm.o
    0x00000d76   0x00000d76   0x00000002   PAD
    0x00000d78   0x00000d78   0x0000001c   Code   RO           94    .text._mutex_release  clib_arm.o
    0x00000d94   0x00000d94   0x00000002   Code   RO           84    .text._platform_post_stackheap_init  clib_arm.o
    0x00000d96   0x00000d96   0x00000002   PAD
    0x00000d98   0x00000d98   0x00000018   Code   RO           70    .text.checkRange    inpututil.o
    0x00000db0   0x00000db0   0x00000026   Code   RO           74    .text.getHour       inpututil.o
    0x00000dd6   0x00000dd6   0x00000002   PAD
    0x00000dd8   0x00000dd8   0x00000026   Code   RO           72    .text.getSecMin     inpututil.o
    0x00000dfe   0x00000dfe   0x00000002   PAD
    0x00000e00   0x00000e00   0x00000012   Code   RO           28    .text.initTask      main.o
    0x00000e12   0x00000e12   0x00000002   PAD
    0x00000e14   0x00000e14   0x000000a8   Code   RO           32    .text.lcdTask       main.o
    0x00000ebc   0x00000ebc   0x000000f8   Code   RO           26    .text.main          main.o
    0x00000fb4   0x00000fb4   0x00000024   Code   RO           88    .text.os_kernel_is_active  clib_arm.o
    0x00000fd8   0x00000fd8   0x00000080   Code   RO          550    .text.prvAddCurrentTaskToDelayedList  tasks.o
    0x00001058   0x00001058   0x000000ac   Code   RO          536    .text.prvAddNewTaskToReadyList  tasks.o
    0x00001104   0x00001104   0x0000006a   Code   RO          687    .text.prvCheckForValidListAndQueue  timers.o
    0x0000116e   0x0000116e   0x00000002   PAD
    0x00001170   0x00001170   0x0000004e   Code   RO          654    .text.prvCheckTasksWaitingTermination  tasks.o
    0x000011be   0x000011be   0x00000002   PAD
    0x000011c0   0x000011c0   0x00000026   Code   RO          492    .text.prvCopyDataFromQueue  queue.o
    0x000011e6   0x000011e6   0x00000002   PAD
    0x000011e8   0x000011e8   0x0000007a   Code   RO          480    .text.prvCopyDataToQueue  queue.o
    0x00001262   0x00001262   0x00000002   PAD
    0x00001264   0x00001264   0x00000020   Code   RO          542    .text.prvDeleteTCB  tasks.o
    0x00001284   0x00001284   0x00000012   Code   RO          496    .text.prvGetDisinheritPriorityAfterTimeout  queue.o
    0x00001296   0x00001296   0x00000002   PAD
    0x00001298   0x00001298   0x00000020   Code   RO          725    .text.prvGetNextExpireTime  timers.o
    0x000012b8   0x000012b8   0x0000002a   Code   RO          576    .text.prvIdleTask   tasks.o
    0x000012e2   0x000012e2   0x00000002   PAD
    0x000012e4   0x000012e4   0x00000020   Code   RO          460    .text.prvInitialiseMutex  queue.o
    0x00001304   0x00001304   0x00000020   Code   RO          454    .text.prvInitialiseNewQueue  queue.o
    0x00001324   0x00001324   0x00000098   Code   RO          534    .text.prvInitialiseNewTask  tasks.o
    0x000013bc   0x000013bc   0x00000070   Code   RO          652    .text.prvInitialiseTaskLists  tasks.o
    0x0000142c   0x0000142c   0x00000040   Code   RO          737    .text.prvInsertTimerInActiveList  timers.o
    0x0000146c   0x0000146c   0x00000018   Code   RO          494    .text.prvIsQueueEmpty  queue.o
    0x00001484   0x00001484   0x0000001c   Code   RO          482    .text.prvIsQueueFull  queue.o
    0x000014a0   0x000014a0   0x00000028   Code   RO          410    .text.prvPortStartFirstTask  port.o
    0x000014c8   0x000014c8   0x00000058   Code   RO          733    .text.prvProcessExpiredTimer  timers.o
    0x00001520   0x00001520   0x000000f4   Code   RO          729    .text.prvProcessReceivedCommands  timers.o
    0x00001614   0x00001614   0x00000080   Code   RO          727    .text.prvProcessTimerOrBlockTask  timers.o
    0x00001694   0x00001694   0x00000028   Code   RO          544    .text.prvResetNextTaskUnblockTime  tasks.o
    0x000016bc   0x000016bc   0x0000002a   Code   RO          731    .text.prvSampleTimeNow  timers.o
    0x000016e6   0x000016e6   0x00000002   PAD
    0x000016e8   0x000016e8   0x00000078   Code   RO          735    .text.prvSwitchTimerLists  timers.o
    0x00001760   0x00001760   0x00000022   Code   RO          400    .text.prvTaskExitError  port.o
    0x00001782   0x00001782   0x00000002   PAD
    0x00001784   0x00001784   0x00000016   Code   RO          689    .text.prvTimerTask  timers.o
    0x0000179a   0x0000179a   0x00000002   PAD
    0x0000179c   0x0000179c   0x00000072   Code   RO          484    .text.prvUnlockQueue  queue.o
    0x0000180e   0x0000180e   0x00000002   PAD
    0x00001810   0x00001810   0x0000005a   Code   RO          431    .text.pvPortMalloc  heap_1.o
    0x0000186a   0x0000186a   0x00000002   PAD
    0x0000186c   0x0000186c   0x00000018   Code   RO          636    .text.pvTaskIncrementMutexHeldCount  tasks.o
    0x00001884   0x00001884   0x00000028   Code   RO          398    .text.pxPortInitialiseStack  port.o
    0x000018ac   0x000018ac   0x00000028   Code   RO           36    .text.readTime      main.o
    0x000018d4   0x000018d4   0x00000074   Code   RO           30    .text.timeTask      main.o
    0x00001948   0x00001948   0x00000194   Code   RO           34    .text.uartTask      main.o
    0x00001adc   0x00001adc   0x00000024   Code   RO          388    .text.uxListRemove  list.o
    0x00001b00   0x00001b00   0x0000001a   Code   RO          267    .text.vApplicationGetIdleTaskMemory  cmsis_os2.o
    0x00001b1a   0x00001b1a   0x00000002   PAD
    0x00001b1c   0x00001b1c   0x0000001a   Code   RO          269    .text.vApplicationGetTimerTaskMemory  cmsis_os2.o
    0x00001b36   0x00001b36   0x00000002   PAD
    0x00001b38   0x00001b38   0x00000002   Code   RO          265    .text.vApplicationStackOverflowHook  cmsis_os2.o
    0x00001b3a   0x00001b3a   0x00000002   PAD
    0x00001b3c   0x00001b3c   0x00000016   Code   RO          380    .text.vListInitialise  list.o
    0x00001b52   0x00001b52   0x00000002   PAD
    0x00001b54   0x00001b54   0x00000006   Code   RO          382    .text.vListInitialiseItem  list.o
    0x00001b5a   0x00001b5a   0x00000002   PAD
    0x00001b5c   0x00001b5c   0x0000003a   Code   RO          386    .text.vListInsert   list.o
    0x00001b96   0x00001b96   0x00000002   PAD
    0x00001b98   0x00001b98   0x0000001c   Code   RO          384    .text.vListInsertEnd  list.o
    0x00001bb4   0x00001bb4   0x00000014   Code   RO          408    .text.vPortEnableVFP  port.o
    0x00001bc8   0x00001bc8   0x00000020   Code   RO          414    .text.vPortEnterCritical  port.o
    0x00001be8   0x00001be8   0x0000001a   Code   RO          416    .text.vPortExitCritical  port.o
    0x00001c02   0x00001c02   0x00000002   PAD
    0x00001c04   0x00001c04   0x00000002   Code   RO          433    .text.vPortFree     heap_1.o
    0x00001c06   0x00001c06   0x00000002   PAD
    0x00001c08   0x00001c08   0x00000034   Code   RO          406    .text.vPortSetupTimerInterrupt  port.o
    0x00001c3c   0x00001c3c   0x00000010   Code   RO          510    .text.vQueueDelete  queue.o
    0x00001c4c   0x00001c4c   0x00000044   Code   RO          522    .text.vQueueWaitForMessageRestricted  queue.o
    0x00001c90   0x00001c90   0x00000034   Code   RO          554    .text.vTaskDelay    tasks.o
    0x00001cc4   0x00001cc4   0x0000001a   Code   RO          608    .text.vTaskInternalSetTimeOutState  tasks.o
    0x00001cde   0x00001cde   0x00000002   PAD
    0x00001ce0   0x00001ce0   0x0000000e   Code   RO          612    .text.vTaskMissedYield  tasks.o
    0x00001cee   0x00001cee   0x00000002   PAD
    0x00001cf0   0x00001cf0   0x0000001e   Code   RO          596    .text.vTaskPlaceOnEventList  tasks.o
    0x00001d0e   0x00001d0e   0x00000002   PAD
    0x00001d10   0x00001d10   0x00000028   Code   RO          600    .text.vTaskPlaceOnEventListRestricted  tasks.o
    0x00001d38   0x00001d38   0x0000006c   Code   RO          632    .text.vTaskPriorityDisinheritAfterTimeout  tasks.o
    0x00001da4   0x00001da4   0x0000008c   Code   RO          574    .text.vTaskStartScheduler  tasks.o
    0x00001e30   0x00001e30   0x000000ae   Code   RO          564    .text.vTaskSuspend  tasks.o
    0x00001ede   0x00001ede   0x00000002   PAD
    0x00001ee0   0x00001ee0   0x00000010   Code   RO          548    .text.vTaskSuspendAll  tasks.o
    0x00001ef0   0x00001ef0   0x000000a4   Code   RO          566    .text.vTaskSwitchContext  tasks.o
    0x00001f94   0x00001f94   0x0000004a   Code   RO          404    .text.xPortStartScheduler  port.o
    0x00001fde   0x00001fde   0x00000002   PAD
    0x00001fe0   0x00001fe0   0x0000002e   Code   RO          420    .text.xPortSysTickHandler  port.o
    0x0000200e   0x0000200e   0x00000002   PAD
    0x00002010   0x00002010   0x00000016   Code   RO          458    .text.xQueueCreateMutex  queue.o
    0x00002026   0x00002026   0x00000002   PAD
    0x00002028   0x00002028   0x00000022   Code   RO          462    .text.xQueueCreateMutexStatic  queue.o
    0x0000204a   0x0000204a   0x00000002   PAD
    0x0000204c   0x0000204c   0x00000032   Code   RO          456    .text.xQueueGenericCreate  queue.o
    0x0000207e   0x0000207e   0x00000002   PAD
    0x00002080   0x00002080   0x0000001c   Code   RO          452    .text.xQueueGenericCreateStatic  queue.o
    0x0000209c   0x0000209c   0x0000006a   Code   RO          450    .text.xQueueGenericReset  queue.o
    0x00002106   0x00002106   0x00000002   PAD
    0x00002108   0x00002108   0x00000136   Code   RO          470    .text.xQueueGenericSend  queue.o
    0x0000223e   0x0000223e   0x00000002   PAD
    0x00002240   0x00002240   0x00000070   Code   RO          486    .text.xQueueGenericSendFromISR  queue.o
    0x000022b0   0x000022b0   0x0000006e   Code   RO          488    .text.xQueueGiveFromISR  queue.o
    0x0000231e   0x0000231e   0x00000002   PAD
    0x00002320   0x00002320   0x0000012c   Code   RO          490    .text.xQueueReceive  queue.o
    0x0000244c   0x0000244c   0x00000162   Code   RO          474    .text.xQueueSemaphoreTake  queue.o
    0x000025ae   0x000025ae   0x00000002   PAD
    0x000025b0   0x000025b0   0x0000005c   Code   RO          610    .text.xTaskCheckForTimeOut  tasks.o
    0x0000260c   0x0000260c   0x00000066   Code   RO          538    .text.xTaskCreate   tasks.o
    0x00002672   0x00002672   0x00000002   PAD
    0x00002674   0x00002674   0x0000003e   Code   RO          532    .text.xTaskCreateStatic  tasks.o
    0x000026b2   0x000026b2   0x00000002   PAD
    0x000026b4   0x000026b4   0x00000026   Code   RO          626    .text.xTaskGetSchedulerState  tasks.o
    0x000026da   0x000026da   0x00000002   PAD
    0x000026dc   0x000026dc   0x0000000c   Code   RO          582    .text.xTaskGetTickCount  tasks.o
    0x000026e8   0x000026e8   0x0000013a   Code   RO          580    .text.xTaskIncrementTick  tasks.o
    0x00002822   0x00002822   0x00000002   PAD
    0x00002824   0x00002824   0x0000005c   Code   RO          630    .text.xTaskPriorityDisinherit  tasks.o
    0x00002880   0x00002880   0x00000092   Code   RO          628    .text.xTaskPriorityInherit  tasks.o
    0x00002912   0x00002912   0x00000002   PAD
    0x00002914   0x00002914   0x0000007a   Code   RO          602    .text.xTaskRemoveFromEventList  tasks.o
    0x0000298e   0x0000298e   0x00000002   PAD
    0x00002990   0x00002990   0x000000fc   Code   RO          552    .text.xTaskResumeAll  tasks.o
    0x00002a8c   0x00002a8c   0x00000068   Code   RO          685    .text.xTimerCreateTimerTask  timers.o
    0x00002af4   0x00002af4   0x00000056   Code   RO          697    .text.xTimerGenericCommand  timers.o
    0x00002b4a   0x00002b4a   0x0000000e   Code   RO          779    i._is_digit         c_w.l(__printf_wp.o)
    0x00002b58   0x00002b58   0x0000001a   Code   RO          898    x$fpl$fpinit        fz_wm.l(fpinit.o)
    0x00002b72   0x00002b72   0x00000011   Data   RO          782    .constdata          c_w.l(__printf_flags_wp.o)
    0x00002b83   0x00002b83   0x00000001   PAD
    0x00002b84   0x00002b84   0x00000028   Data   RO           44    .rodata.cities      main.o
    0x00002bac   0x00002bac   0x00000091   Data   RO           45    .rodata.str1.1      main.o
    0x00002c3d   0x00002c3d   0x00000003   PAD
    0x00002c40   0x00002c40   0x00000020   Data   RO          973    Region$$Table       anon$$obj.o


    Execution Region ER_RW (Exec base: 0x20000000, Load base: 0x00002c60, Size: 0x00000008, Max: 0xffffffff, ABSOLUTE)

    Exec Addr    Load Addr    Size         Type   Attr      Idx    E Section Name        Object

    0x20000000   0x00002c60   0x00000004   Data   RW          331    .data.SystemCoreClock  system_tm4c123.o
    0x20000004   0x00002c64   0x00000004   Data   RW          422    .data.uxCriticalNesting  port.o


    Execution Region ER_ZI (Exec base: 0x20000008, Load base: 0x00002c68, Size: 0x00002df8, Max: 0xffffffff, ABSOLUTE)

    Exec Addr    Load Addr    Size         Type   Attr      Idx    E Section Name        Object

    0x20000008        -       0x00000060   Zero   RW          840    .bss                c_w.l(libspace.o)
    0x20000068        -       0x00000190   Zero   RW          101    .bss.clib_mutex_cb  clib_arm.o
    0x200001f8        -       0x00000014   Zero   RW          100    .bss.clib_mutex_id  clib_arm.o
    0x2000020c        -       0x00000001   Zero   RW          102    .bss.os_kernel_is_active.os_kernel_active  clib_arm.o
    0x2000020d        -       0x00000050   Zero   RW          747    .bss.prvCheckForValidListAndQueue.ucStaticTimerQueueStorage  timers.o
    0x2000025d   0x00002c68   0x00000003   PAD
    0x20000260        -       0x00000050   Zero   RW          746    .bss.prvCheckForValidListAndQueue.xStaticTimerQueue  timers.o
    0x200002b0        -       0x00000004   Zero   RW          743    .bss.prvSampleTimeNow.xLastTime  timers.o
    0x200002b4        -       0x00000004   Zero   RW          439    .bss.pvPortMalloc.pucAlignedHeap  heap_1.o
    0x200002b8        -       0x00000004   Zero   RW          656    .bss.pxCurrentTCB   tasks.o
    0x200002bc        -       0x00000004   Zero   RW          741    .bss.pxCurrentTimerList  timers.o
    0x200002c0        -       0x00000004   Zero   RW          663    .bss.pxDelayedTaskList  tasks.o
    0x200002c4        -       0x00000004   Zero   RW          664    .bss.pxOverflowDelayedTaskList  tasks.o
    0x200002c8        -       0x00000004   Zero   RW          742    .bss.pxOverflowTimerList  timers.o
    0x200002cc        -       0x00000460   Zero   RW          666    .bss.pxReadyTasksLists  tasks.o
    0x2000072c        -       0x00000004   Zero   RW           43    .bss.selection      main.o
    0x20000730        -       0x00000004   Zero   RW           42    .bss.uart_semaphore  main.o
    0x20000734        -       0x00002000   Zero   RW          440    .bss.ucHeap         heap_1.o
    0x20002734        -       0x00000004   Zero   RW          660    .bss.uxCurrentNumberOfTasks  tasks.o
    0x20002738        -       0x00000004   Zero   RW          659    .bss.uxDeletedTasksWaitingCleanUp  tasks.o
    0x2000273c        -       0x00000004   Zero   RW          668    .bss.uxSchedulerSuspended  tasks.o
    0x20002740        -       0x00000004   Zero   RW          657    .bss.uxTaskNumber   tasks.o
    0x20002744        -       0x00000004   Zero   RW          667    .bss.uxTopReadyPriority  tasks.o
    0x20002748        -       0x00000200   Zero   RW          276    .bss.vApplicationGetIdleTaskMemory.Idle_Stack  cmsis_os2.o
    0x20002948        -       0x0000005c   Zero   RW          275    .bss.vApplicationGetIdleTaskMemory.Idle_TCB  cmsis_os2.o
    0x200029a4        -       0x00000140   Zero   RW          278    .bss.vApplicationGetTimerTaskMemory.Timer_Stack  cmsis_os2.o
    0x20002ae4        -       0x0000005c   Zero   RW          277    .bss.vApplicationGetTimerTaskMemory.Timer_TCB  cmsis_os2.o
    0x20002b40        -       0x00000014   Zero   RW          744    .bss.xActiveTimerList1  timers.o
    0x20002b54        -       0x00000014   Zero   RW          745    .bss.xActiveTimerList2  timers.o
    0x20002b68        -       0x00000014   Zero   RW          675    .bss.xDelayedTaskList1  tasks.o
    0x20002b7c        -       0x00000014   Zero   RW          676    .bss.xDelayedTaskList2  tasks.o
    0x20002b90        -       0x00000004   Zero   RW          670    .bss.xIdleTaskHandle  tasks.o
    0x20002b94        -       0x00000004   Zero   RW          441    .bss.xNextFreeByte  heap_1.o
    0x20002b98        -       0x00000004   Zero   RW          671    .bss.xNextTaskUnblockTime  tasks.o
    0x20002b9c        -       0x00000004   Zero   RW          674    .bss.xNumOfOverflows  tasks.o
    0x20002ba0        -       0x00000004   Zero   RW          673    .bss.xPendedTicks   tasks.o
    0x20002ba4        -       0x00000014   Zero   RW          669    .bss.xPendingReadyList  tasks.o
    0x20002bb8        -       0x00000004   Zero   RW           40    .bss.xQueue1        main.o
    0x20002bbc        -       0x00000004   Zero   RW           41    .bss.xQueue2        main.o
    0x20002bc0        -       0x00000004   Zero   RW          661    .bss.xSchedulerRunning  tasks.o
    0x20002bc4        -       0x00000014   Zero   RW          665    .bss.xSuspendedTaskList  tasks.o
    0x20002bd8        -       0x00000014   Zero   RW          658    .bss.xTasksWaitingTermination  tasks.o
    0x20002bec        -       0x00000004   Zero   RW          662    .bss.xTickCount     tasks.o
    0x20002bf0        -       0x00000004   Zero   RW          739    .bss.xTimerQueue    timers.o
    0x20002bf4        -       0x00000004   Zero   RW          740    .bss.xTimerTaskHandle  timers.o
    0x20002bf8        -       0x00000004   Zero   RW          672    .bss.xYieldPending  tasks.o
    0x20002bfc   0x00002c68   0x00000004   PAD
    0x20002c00        -       0x00000000   Zero   RW          316    HEAP                startup_tm4c123.o
    0x20002c00        -       0x00000200   Zero   RW          315    STACK               startup_tm4c123.o


==============================================================================

Image component sizes


      Code (inc. data)   RO Data    RW Data    ZI Data      Debug   Object Name

       222          0          0          0        421       3492   clib_arm.o
        80          0          0          0       1016      46382   cmsis_os2.o
        92          0          0          0       8200       1486   heap_1.o
       100          0          0          0          0       1018   inpututil.o
       258          0          0          0          0       1562   lcd.o
       150          0          0          0          0       2348   list.o
      1052        224        185          0         16       3077   main.o
       500         16          0          4          0       2863   port.o
      1918          0          0          0          0      18134   queue.o
       276         24        620          0        512       5496   startup_tm4c123.o
       112          0          0          4          0       6537   system_tm4c123.o
      2776          8          0          0       1280      27088   tasks.o
      1036         18          0          0        220      13254   timers.o
       216          0          0          0          0        902   uart.o

    ----------------------------------------------------------------------
      8910        302        840          8      11672     133639   Object Totals
         0          0         32          0          0          0   (incl. Generated)
       122         12          3          0          7          0   (incl. Padding)

    ----------------------------------------------------------------------

      Code (inc. data)   RO Data    RW Data    ZI Data      Debug   Library Member Name

         8          0          0          0          0         68   __main.o
       312          4         17          0          0         92   __printf_flags_wp.o
        14          0          0          0          0         68   __printf_wp.o
         0          0          0          0          0          0   __rtentry.o
        20          0          0          0          0          0   __rtentry2.o
         6          0          0          0          0          0   __rtentry4.o
        52          8          0          0          0          0   __scatter.o
        26          0          0          0          0          0   __scatter_copy.o
        28          0          0          0          0          0   __scatter_zi.o
        44          0          0          0          0        108   _printf_char.o
        48          6          0          0          0         96   _printf_char_common.o
         6          0          0          0          0          0   _printf_d.o
       120         16          0          0          0         92   _printf_dec.o
       178          0          0          0          0         88   _printf_intcommon.o
        78          0          0          0          0        108   _printf_pad.o
         0          0          0          0          0          0   _printf_percent.o
         4          0          0          0          0          0   _printf_percent_end.o
         6          0          0          0          0          0   _printf_s.o
        82          0          0          0          0         80   _printf_str.o
        10          0          0          0          0         68   _sputc.o
        16          0          0          0          0         68   aeabi_memset4.o
        18          0          0          0          0         80   exit.o
         6          0          0          0          0        152   heapauxi.o
         0          0          0          0          0          0   indicate_semi.o
         2          0          0          0          0          0   libinit.o
         6          0          0          0          0          0   libinit2.o
         2          0          0          0          0          0   libshutdown.o
         2          0          0          0          0          0   libshutdown2.o
         8          4          0          0         96         68   libspace.o
        40          6          0          0          0         84   noretval__2sprintf.o
        78          0          0          0          0         80   rt_memclr_w.o
       138          0          0          0          0         68   rt_memcpy_v6.o
       100          0          0          0          0         80   rt_memcpy_w.o
         2          0          0          0          0          0   rtexit.o
        10          0          0          0          0          0   rtexit2.o
        12          4          0          0          0         68   sys_exit.o
        74          0          0          0          0         80   sys_stackheap_outer.o
         2          0          0          0          0         68   use_no_semi.o
        26          0          0          0          0        116   fpinit.o

    ----------------------------------------------------------------------
      1592         48         18          0         96       1880   Library Totals
         8          0          1          0          0          0   (incl. Padding)

    ----------------------------------------------------------------------

      Code (inc. data)   RO Data    RW Data    ZI Data      Debug   Library Name

      1558         48         17          0         96       1764   c_w.l
        26          0          0          0          0        116   fz_wm.l

    ----------------------------------------------------------------------
      1592         48         18          0         96       1880   Library Totals

    ----------------------------------------------------------------------

==============================================================================


      Code (inc. data)   RO Data    RW Data    ZI Data      Debug   

     10502        350        858          8      11768     134443   Grand Totals
     10502        350        858          8      11768     134443   ELF Image Totals
     10502        350        858          8          0          0   ROM Totals

==============================================================================

    Total RO  Size (Code + RO Data)                11360 (  11.09kB)
    Total RW  Size (RW Data + ZI Data)             11776 (  11.50kB)
    Total ROM Size (Code + RO Data + RW Data)      11368 (  11.10kB)

==============================================================================

